Archive member included to satisfy reference by file (symbol)

/Applications/STM32CubeIDE.app/Contents/Eclipse/plugins/com.st.stm32cube.ide.mcu.externaltools.gnu-tools-for-stm32.13.3.rel1.macos64_1.0.0.202411102158/tools/bin/../lib/gcc/arm-none-eabi/13.3.1/../../../../arm-none-eabi/lib/thumb/v7-m/nofp/libc_nano.a(libc_a-exit.o)
                              /Applications/STM32CubeIDE.app/Contents/Eclipse/plugins/com.st.stm32cube.ide.mcu.externaltools.gnu-tools-for-stm32.13.3.rel1.macos64_1.0.0.202411102158/tools/bin/../lib/gcc/arm-none-eabi/13.3.1/../../../../arm-none-eabi/lib/thumb/v7-m/nofp/crt0.o (exit)
/Applications/STM32CubeIDE.app/Contents/Eclipse/plugins/com.st.stm32cube.ide.mcu.externaltools.gnu-tools-for-stm32.13.3.rel1.macos64_1.0.0.202411102158/tools/bin/../lib/gcc/arm-none-eabi/13.3.1/../../../../arm-none-eabi/lib/thumb/v7-m/nofp/libc_nano.a(libc_a-findfp.o)
                              /Applications/STM32CubeIDE.app/Contents/Eclipse/plugins/com.st.stm32cube.ide.mcu.externaltools.gnu-tools-for-stm32.13.3.rel1.macos64_1.0.0.202411102158/tools/bin/../lib/gcc/arm-none-eabi/13.3.1/../../../../arm-none-eabi/lib/thumb/v7-m/nofp/libc_nano.a(libc_a-exit.o) (__stdio_exit_handler)
/Applications/STM32CubeIDE.app/Contents/Eclipse/plugins/com.st.stm32cube.ide.mcu.externaltools.gnu-tools-for-stm32.13.3.rel1.macos64_1.0.0.202411102158/tools/bin/../lib/gcc/arm-none-eabi/13.3.1/../../../../arm-none-eabi/lib/thumb/v7-m/nofp/libc_nano.a(libc_a-fwalk.o)
                              /Applications/STM32CubeIDE.app/Contents/Eclipse/plugins/com.st.stm32cube.ide.mcu.externaltools.gnu-tools-for-stm32.13.3.rel1.macos64_1.0.0.202411102158/tools/bin/../lib/gcc/arm-none-eabi/13.3.1/../../../../arm-none-eabi/lib/thumb/v7-m/nofp/libc_nano.a(libc_a-findfp.o) (_fwalk_sglue)
/Applications/STM32CubeIDE.app/Contents/Eclipse/plugins/com.st.stm32cube.ide.mcu.externaltools.gnu-tools-for-stm32.13.3.rel1.macos64_1.0.0.202411102158/tools/bin/../lib/gcc/arm-none-eabi/13.3.1/../../../../arm-none-eabi/lib/thumb/v7-m/nofp/libc_nano.a(libc_a-memcmp.o)
                              ./Core/Src/oled.o (memcmp)
/Applications/STM32CubeIDE.app/Contents/Eclipse/plugins/com.st.stm32cube.ide.mcu.externaltools.gnu-tools-for-stm32.13.3.rel1.macos64_1.0.0.202411102158/tools/bin/../lib/gcc/arm-none-eabi/13.3.1/../../../../arm-none-eabi/lib/thumb/v7-m/nofp/libc_nano.a(libc_a-memset.o)
                              /Applications/STM32CubeIDE.app/Contents/Eclipse/plugins/com.st.stm32cube.ide.mcu.externaltools.gnu-tools-for-stm32.13.3.rel1.macos64_1.0.0.202411102158/tools/bin/../lib/gcc/arm-none-eabi/13.3.1/../../../../arm-none-eabi/lib/thumb/v7-m/nofp/crt0.o (memset)
/Applications/STM32CubeIDE.app/Contents/Eclipse/plugins/com.st.stm32cube.ide.mcu.externaltools.gnu-tools-for-stm32.13.3.rel1.macos64_1.0.0.202411102158/tools/bin/../lib/gcc/arm-none-eabi/13.3.1/../../../../arm-none-eabi/lib/thumb/v7-m/nofp/libc_nano.a(libc_a-errno.o)
                              ./Core/Src/syscalls.o (__errno)
/Applications/STM32CubeIDE.app/Contents/Eclipse/plugins/com.st.stm32cube.ide.mcu.externaltools.gnu-tools-for-stm32.13.3.rel1.macos64_1.0.0.202411102158/tools/bin/../lib/gcc/arm-none-eabi/13.3.1/../../../../arm-none-eabi/lib/thumb/v7-m/nofp/libc_nano.a(libc_a-init.o)
                              /Applications/STM32CubeIDE.app/Contents/Eclipse/plugins/com.st.stm32cube.ide.mcu.externaltools.gnu-tools-for-stm32.13.3.rel1.macos64_1.0.0.202411102158/tools/bin/../lib/gcc/arm-none-eabi/13.3.1/../../../../arm-none-eabi/lib/thumb/v7-m/nofp/crt0.o (__libc_init_array)
/Applications/STM32CubeIDE.app/Contents/Eclipse/plugins/com.st.stm32cube.ide.mcu.externaltools.gnu-tools-for-stm32.13.3.rel1.macos64_1.0.0.202411102158/tools/bin/../lib/gcc/arm-none-eabi/13.3.1/../../../../arm-none-eabi/lib/thumb/v7-m/nofp/libc_nano.a(libc_a-lock.o)
                              /Applications/STM32CubeIDE.app/Contents/Eclipse/plugins/com.st.stm32cube.ide.mcu.externaltools.gnu-tools-for-stm32.13.3.rel1.macos64_1.0.0.202411102158/tools/bin/../lib/gcc/arm-none-eabi/13.3.1/../../../../arm-none-eabi/lib/thumb/v7-m/nofp/libc_nano.a(libc_a-findfp.o) (__retarget_lock_init_recursive)
/Applications/STM32CubeIDE.app/Contents/Eclipse/plugins/com.st.stm32cube.ide.mcu.externaltools.gnu-tools-for-stm32.13.3.rel1.macos64_1.0.0.202411102158/tools/bin/../lib/gcc/arm-none-eabi/13.3.1/../../../../arm-none-eabi/lib/thumb/v7-m/nofp/libc_nano.a(libc_a-impure.o)
                              /Applications/STM32CubeIDE.app/Contents/Eclipse/plugins/com.st.stm32cube.ide.mcu.externaltools.gnu-tools-for-stm32.13.3.rel1.macos64_1.0.0.202411102158/tools/bin/../lib/gcc/arm-none-eabi/13.3.1/../../../../arm-none-eabi/lib/thumb/v7-m/nofp/libc_nano.a(libc_a-errno.o) (_impure_ptr)
[...]
Memory Configuration

Name             Origin             Length             Attributes
RAM              0x20000000         0x00005000         xrw
FLASH            0x08000000         0x00020000         xr
*default*        0x00000000         0xffffffff

Linker script and memory map

LOAD /Applications/STM32CubeIDE.app/Contents/Eclipse/plugins/com.st.stm32cube.ide.mcu.externaltools.gnu-tools-for-stm32.13.3.rel1.macos64_1.0.0.202411102158/tools/bin/../lib/gcc/arm-none-eabi/13.3.1/thumb/v7-m/nofp/crti.o
LOAD /Applications/STM32CubeIDE.app/Contents/Eclipse/plugins/com.st.stm32cube.ide.mcu.externaltools.gnu-tools-for-stm32.13.3.rel1.macos64_1.0.0.202411102158/tools/bin/../lib/gcc/arm-none-eabi/13.3.1/thumb/v7-m/nofp/crtbegin.o
LOAD /Applications/STM32CubeIDE.app/Contents/Eclipse/plugins/com.st.stm32cube.ide.mcu.externaltools.gnu-tools-for-stm32.13.3.rel1.macos64_1.0.0.202411102158/tools/bin/../lib/gcc/arm-none-eabi/13.3.1/../../../../arm-none-eabi/lib/thumb/v7-m/nofp/crt0.o
LOAD ./Core/Src/font.o
LOAD ./Core/Src/gpio.o
LOAD ./Core/Src/i2c.o
LOAD ./Core/Src/main.o
LOAD ./Core/Src/multi_button.o
LOAD ./Core/Src/oled.o
LOAD ./Core/Src/rtc.o
LOAD ./Core/Src/song.o
LOAD ./Core/Src/stm32f1xx_hal_msp.o
LOAD ./Core/Src/stm32f1xx_it.o
LOAD ./Core/Src/syscalls.o
LOAD ./Core/Src/sysmem.o
LOAD ./Core/Src/system_stm32f1xx.o
LOAD ./Core/Src/tim.o
LOAD ./Core/Startup/startup_stm32f103cbtx.o
LOAD ./Drivers/STM32F1xx_HAL_Driver/Src/stm32f1xx_hal.o
LOAD ./Drivers/STM32F1xx_HAL_Driver/Src/stm32f1xx_hal_cortex.o
LOAD ./Drivers/STM32F1xx_HAL_Driver/Src/stm32f1xx_hal_dma.o
LOAD ./Drivers/STM32F1xx_HAL_Driver/Src/stm32f1xx_hal_exti.o
LOAD ./Drivers/STM32F1xx_HAL_Driver/Src/stm32f1xx_hal_flash.o
LOAD ./Drivers/STM32F1xx_HAL_Driver/Src/stm32f1xx_hal_flash_ex.o
LOAD ./Drivers/STM32F1xx_HAL_Driver/Src/stm32f1xx_hal_gpio.o
LOAD ./Drivers/STM32F1xx_HAL_Driver/Src/stm32f1xx_hal_gpio_ex.o
LOAD ./Drivers/STM32F1xx_HAL_Driver/Src/stm32f1xx_hal_i2c.o
LOAD ./Drivers/STM32F1xx_HAL_Driver/Src/stm32f1xx_hal_pwr.o
LOAD ./Drivers/STM32F1xx_HAL_Driver/Src/stm32f1xx_hal_rcc.o
LOAD ./Drivers/STM32F1xx_HAL_Driver/Src/stm32f1xx_hal_rcc_ex.o
LOAD ./Drivers/STM32F1xx_HAL_Driver/Src/stm32f1xx_hal_rtc.o
LOAD ./Drivers/STM32F1xx_HAL_Driver/Src/stm32f1xx_hal_rtc_ex.o
LOAD ./Drivers/STM32F1xx_HAL_Driver/Src/stm32f1xx_hal_tim.o
LOAD ./Drivers/STM32F1xx_HAL_Driver/Src/stm32f1xx_hal_tim_ex.o
START GROUP
LOAD /Applications/STM32CubeIDE.app/Contents/Eclipse/plugins/com.st.stm32cube.ide.mcu.externaltools.gnu-tools-for-stm32.13.3.rel1.macos64_1.0.0.202411102158/tools/bin/../lib/gcc/arm-none-eabi/13.3.1/../../../../arm-none-eabi/lib/thumb/v7-m/nofp/libc_nano.a
LOAD /Applications/STM32CubeIDE.app/Contents/Eclipse/plugins/com.st.stm32cube.ide.mcu.externaltools.gnu-tools-for-stm32.13.3.rel1.macos64_1.0.0.202411102158/tools/bin/../lib/gcc/arm-none-eabi/13.3.1/../../../../arm-none-eabi/lib/thumb/v7-m/nofp/libm.a
END GROUP
START GROUP
LOAD /Applications/STM32CubeIDE.app/Contents/Eclipse/plugins/com.st.stm32cube.ide.mcu.externaltools.gnu-tools-for-stm32.13.3.rel1.macos64_1.0.0.202411102158/tools/bin/../lib/gcc/arm-none-eabi/13.3.1/thumb/v7-m/nofp/libgcc.a
LOAD /Applications/STM32CubeIDE.app/Contents/Eclipse/plugins/com.st.stm32cube.ide.mcu.externaltools.gnu-tools-for-stm32.13.3.rel1.macos64_1.0.0.202411102158/tools/bin/../lib/gcc/arm-none-eabi/13.3.1/../../../../arm-none-eabi/lib/thumb/v7-m/nofp/libc_nano.a
END GROUP
START GROUP
LOAD /Applications/STM32CubeIDE.app/Contents/Eclipse/plugins/com.st.stm32cube.ide.mcu.externaltools.gnu-tools-for-stm32.13.3.rel1.macos64_1.0.0.202411102158/tools/bin/../lib/gcc/arm-none-eabi/13.3.1/thumb/v7-m/nofp/libgcc.a
LOAD /Applications/STM32CubeIDE.app/Contents/Eclipse/plugins/com.st.stm32cube.ide.mcu.externaltools.gnu-tools-for-stm32.13.3.rel1.macos64_1.0.0.202411102158/tools/bin/../lib/gcc/arm-none-eabi/13.3.1/../../../../arm-none-eabi/lib/thumb/v7-m/nofp/libc_nano.a
LOAD /Applications/STM32CubeIDE.app/Contents/Eclipse/plugins/com.st.stm32cube.ide.mcu.externaltools.gnu-tools-for-stm32.13.3.rel1.macos64_1.0.0.202411102158/tools/bin/../lib/gcc/arm-none-eabi/13.3.1/../../../../arm-none-eabi/lib/thumb/v7-m/nofp/libnosys.a
END GROUP
START GROUP
LOAD /Applications/STM32CubeIDE.app/Contents/Eclipse/plugins/com.st.stm32cube.ide.mcu.externaltools.gnu-tools-for-stm32.13.3.rel1.macos64_1.0.0.202411102158/tools/bin/../lib/gcc/arm-none-eabi/13.3.1/thumb/v7-m/nofp/libgcc.a
LOAD /Applications/STM32CubeIDE.app/Contents/Eclipse/plugins/com.st.stm32cube.ide.mcu.externaltools.gnu-tools-for-stm32.13.3.rel1.macos64_1.0.0.202411102158/tools/bin/../lib/gcc/arm-none-eabi/13.3.1/../../../../arm-none-eabi/lib/thumb/v7-m/nofp/libc_nano.a
LOAD /Applications/STM32CubeIDE.app/Contents/Eclipse/plugins/com.st.stm32cube.ide.mcu.externaltools.gnu-tools-for-stm32.13.3.rel1.macos64_1.0.0.202411102158/tools/bin/../lib/gcc/arm-none-eabi/13.3.1/../../../../arm-none-eabi/lib/thumb/v7-m/nofp/libnosys.a
END GROUP
LOAD /Applications/STM32CubeIDE.app/Contents/Eclipse/plugins/com.st.stm32cube.ide.mcu.externaltools.gnu-tools-for-stm32.13.3.rel1.macos64_1.0.0.202411102158/tools/bin/../lib/gcc/arm-none-eabi/13.3.1/thumb/v7-m/nofp/crtend.o
LOAD /Applications/STM32CubeIDE.app/Contents/Eclipse/plugins/com.st.stm32cube.ide.mcu.externaltools.gnu-tools-for-stm32.13.3.rel1.macos64_1.0.0.202411102158/tools/bin/../lib/gcc/arm-none-eabi/13.3.1/thumb/v7-m/nofp/crtn.o
                0x20005000                        _estack = (ORIGIN (RAM) + LENGTH (RAM))
                0x00000200                        _Min_Heap_Size = 0x200
                0x00000400                        _Min_Stack_Size = 0x400

.isr_vector     0x08000000      0x10c
                0x08000000                        . = ALIGN (0x4)
 *(.isr_vector)
 .isr_vector    0x08000000      0x10c ./Core/Startup/startup_stm32f103cbtx.o
                0x08000000                g_pfnVectors
                0x0800010c                        . = ALIGN (0x4)

.text           0x0800010c     0x61bc
                0x0800010c                        . = ALIGN (0x4)
 *(.text)
 .text          0x0800010c       0x40 /Applications/STM32CubeIDE.app/Contents/Eclipse/plugins/com.st.stm32cube.ide.mcu.externaltools.gnu-tools-for-stm32.13.3.rel1.macos64_1.0.0.202411102158/tools/bin/../lib/gcc/arm-none-eabi/13.3.1/thumb/v7-m/nofp/crtbegin.o
 .text          0x0800014c      0x378 /Applications/STM32CubeIDE.app/Contents/Eclipse/plugins/com.st.stm32cube.ide.mcu.externaltools.gnu-tools-for-stm32.13.3.rel1.macos64_1.0.0.202411102158/tools/bin/../lib/gcc/arm-none-eabi/13.3.1/thumb/v7-m/nofp/libgcc.a(_arm_addsubdf3.o)
                0x0800014c                __aeabi_drsub
                0x08000154                __subdf3
                0x08000154                __aeabi_dsub
                0x08000158                __aeabi_dadd
                0x08000158                __adddf3
                0x080003d0                __aeabi_ui2d
                0x080003d0                __floatunsidf
                0x080003f0                __floatsidf
                0x080003f0                __aeabi_i2d
                0x08000414                __extendsfdf2
                0x08000414                __aeabi_f2d
                0x08000458                __aeabi_ul2d
                0x08000458                __floatundidf
                0x08000468                __aeabi_l2d
                0x08000468                __floatdidf
 .text          0x080004c4      0x424 /Applications/STM32CubeIDE.app/Contents/Eclipse/plugins/com.st.stm32cube.ide.mcu.externaltools.gnu-tools-for-stm32.13.3.rel1.macos64_1.0.0.202411102158/tools/bin/../lib/gcc/arm-none-eabi/13.3.1/thumb/v7-m/nofp/libgcc.a(_arm_muldivdf3.o)
                0x080004c4                __aeabi_dmul
                0x080004c4                __muldf3
                0x08000718                __aeabi_ddiv
                0x08000718                __divdf3
 .text          0x080008e8       0x50 /Applications/STM32CubeIDE.app/Contents/Eclipse/plugins/com.st.stm32cube.ide.mcu.externaltools.gnu-tools-for-stm32.13.3.rel1.macos64_1.0.0.202411102158/tools/bin/../lib/gcc/arm-none-eabi/13.3.1/thumb/v7-m/nofp/libgcc.a(_arm_fixdfsi.o)
                0x080008e8                __fixdfsi
                0x080008e8                __aeabi_d2iz
 .text          0x08000938      0x21c /Applications/STM32CubeIDE.app/Contents/Eclipse/plugins/com.st.stm32cube.ide.mcu.externaltools.gnu-tools-for-stm32.13.3.rel1.macos64_1.0.0.202411102158/tools/bin/../lib/gcc/arm-none-eabi/13.3.1/thumb/v7-m/nofp/libgcc.a(_arm_addsubsf3.o)
                0x08000938                __aeabi_frsub
                0x08000940                __aeabi_fsub
                0x08000940                __subsf3
                0x08000944                __aeabi_fadd
                0x08000944                __addsf3
                0x08000aa4                __aeabi_ui2f
                0x08000aa4                __floatunsisf
                0x08000aac                __floatsisf
                0x08000aac                __aeabi_i2f
                0x08000ac8                __aeabi_ul2f
                0x08000ac8                __floatundisf
                0x08000ad8                __aeabi_l2f
                0x08000ad8                __floatdisf
 .text          0x08000b54      0x2a0 /Applications/STM32CubeIDE.app/Contents/Eclipse/plugins/com.st.stm32cube.ide.mcu.externaltools.gnu-tools-for-stm32.13.3.rel1.macos64_1.0.0.202411102158/tools/bin/../lib/gcc/arm-none-eabi/13.3.1/thumb/v7-m/nofp/libgcc.a(_arm_muldivsf3.o)
                0x08000b54                __mulsf3
                0x08000b54                __aeabi_fmul
                0x08000cbc                __divsf3
                0x08000cbc                __aeabi_fdiv
 .text          0x08000df4       0x40 /Applications/STM32CubeIDE.app/Contents/Eclipse/plugins/com.st.stm32cube.ide.mcu.externaltools.gnu-tools-for-stm32.13.3.rel1.macos64_1.0.0.202411102158/tools/bin/../lib/gcc/arm-none-eabi/13.3.1/thumb/v7-m/nofp/libgcc.a(_arm_fixunssfsi.o)
                0x08000df4                __aeabi_f2uiz
                0x08000df4                __fixunssfsi
 *(.text*)
 .text.MX_GPIO_Init
                0x08000e34       0xa4 ./Core/Src/gpio.o
                0x08000e34                MX_GPIO_Init
 .text.MX_I2C2_Init
                0x08000ed8       0x5c ./Core/Src/i2c.o
                0x08000ed8                MX_I2C2_Init
 .text.HAL_I2C_MspInit
                0x08000f34       0x80 ./Core/Src/i2c.o
                0x08000f34                HAL_I2C_MspInit
 .text.Player_Start
                0x08000fb4       0x5c ./Core/Src/main.o
                0x08000fb4                Player_Start
 .text.Player_Pause
                0x08001010       0x24 ./Core/Src/main.o
                0x08001010                Player_Pause
 .text.Player_Resume
                0x08001034       0x20 ./Core/Src/main.o
                0x08001034                Player_Resume
 .text.Player_Stop
                0x08001054       0x40 ./Core/Src/main.o
                0x08001054                Player_Stop
 .text.Set_BPM_Time
                0x08001094       0x4c ./Core/Src/main.o
                0x08001094                Set_BPM_Time
 .text.Player_Update
                0x080010e0      0x4a8 ./Core/Src/main.o
                0x080010e0                Player_Update
 .text.Get_Song_Time_Length
                0x08001588       0x4c ./Core/Src/main.o
                0x08001588                Get_Song_Time_Length
 .text.KEY1_single_click_handler
                0x080015d4       0x38 ./Core/Src/main.o
                0x080015d4                KEY1_single_click_handler
 .text.KEY1_double_click_handler
                0x0800160c       0x34 ./Core/Src/main.o
                0x0800160c                KEY1_double_click_handler
 .text.KEY1_long_press_Start_handler
                0x08001640       0xf0 ./Core/Src/main.o
                0x08001640                KEY1_long_press_Start_handler
 .text.KEY2_single_click_handler
                0x08001730       0x5c ./Core/Src/main.o
                0x08001730                KEY2_single_click_handler
 .text.KEY2_double_click_handler
                0x0800178c       0x50 ./Core/Src/main.o
                0x0800178c                KEY2_double_click_handler
 .text.KEY2_long_press_start_handler
                0x080017dc        0xc ./Core/Src/main.o
                0x080017dc                KEY2_long_press_start_handler
 .text.KEY3_single_click_handler
                0x080017e8       0x5c ./Core/Src/main.o
                0x080017e8                KEY3_single_click_handler
 .text.KEY3_double_click_handler
                0x08001844       0x50 ./Core/Src/main.o
                0x08001844                KEY3_double_click_handler
 .text.KEY3_long_press_hold_handler
                0x08001894       0x24 ./Core/Src/main.o
                0x08001894                KEY3_long_press_hold_handler
 .text.KEY3_release_handler
                0x080018b8       0x30 ./Core/Src/main.o
                0x080018b8                KEY3_release_handler
 .text.KEY4_single_click_handler
                0x080018e8       0x6c ./Core/Src/main.o
                0x080018e8                KEY4_single_click_handler
 .text.KEY4_double_click_handler
                0x08001954       0x44 ./Core/Src/main.o
                0x08001954                KEY4_double_click_handler
 .text.KEY4_long_press_start_handler
                0x08001998       0x38 ./Core/Src/main.o
                0x08001998                KEY4_long_press_start_handler
 .text.read_button_gpio
                0x080019d0       0x70 ./Core/Src/main.o
                0x080019d0                read_button_gpio
 .text.Machine_Start
                0x08001a40      0x190 ./Core/Src/main.o
                0x08001a40                Machine_Start
 .text.First_Menu
                0x08001bd0      0x120 ./Core/Src/main.o
                0x08001bd0                First_Menu
 .text.Second_Menu
                0x08001cf0      0x21c ./Core/Src/main.o
                0x08001cf0                Second_Menu
 .text.Volume_Control
                0x08001f0c       0x9c ./Core/Src/main.o
                0x08001f0c                Volume_Control
 .text.Song_Display
                0x08001fa8      0x178 ./Core/Src/main.o
                0x08001fa8                Song_Display
 .text.timer_5ms_interrupt_handler
                0x08002120        0xc ./Core/Src/main.o
                0x08002120                timer_5ms_interrupt_handler
 .text.main     0x0800212c      0x190 ./Core/Src/main.o
                0x0800212c                main
 .text.SystemClock_Config
                0x080022bc       0xba ./Core/Src/main.o
                0x080022bc                SystemClock_Config
 .text.Error_Handler
                0x08002376        0xc ./Core/Src/main.o
                0x08002376                Error_Handler
 .text.button_init
                0x08002382       0x80 ./Core/Src/multi_button.o
                0x08002382                button_init
 .text.button_attach
                0x08002402       0x34 ./Core/Src/multi_button.o
                0x08002402                button_attach
 .text.button_read_level
                0x08002436       0x1e ./Core/Src/multi_button.o
 .text.button_handler
                0x08002454      0x378 ./Core/Src/multi_button.o
 .text.button_start
                0x080027cc       0x54 ./Core/Src/multi_button.o
                0x080027cc                button_start
 .text.button_ticks
                0x08002820       0x30 ./Core/Src/multi_button.o
                0x08002820                button_ticks
 .text.OLED_Send
                0x08002850       0x2c ./Core/Src/oled.o
                0x08002850                OLED_Send
 .text.OLED_SendCmd
                0x0800287c       0x24 ./Core/Src/oled.o
                0x0800287c                OLED_SendCmd
 .text.OLED_Init
                0x080028a0       0xb8 ./Core/Src/oled.o
                0x080028a0                OLED_Init
 .text.OLED_NewFrame
                0x08002958       0x18 ./Core/Src/oled.o
                0x08002958                OLED_NewFrame
 .text.OLED_ShowFrame
                0x08002970       0x68 ./Core/Src/oled.o
                0x08002970                OLED_ShowFrame
 .text.OLED_SetPixel
                0x080029d8       0xb0 ./Core/Src/oled.o
                0x080029d8                OLED_SetPixel
 .text.OLED_SetByte_Fine
                0x08002a88       0xf8 ./Core/Src/oled.o
                0x08002a88                OLED_SetByte_Fine
 .text.OLED_SetBits_Fine
                0x08002b80       0xbe ./Core/Src/oled.o
                0x08002b80                OLED_SetBits_Fine
 .text.OLED_SetBits
                0x08002c3e       0x82 ./Core/Src/oled.o
                0x08002c3e                OLED_SetBits
 .text.OLED_SetBlock
                0x08002cc0       0xe2 ./Core/Src/oled.o
                0x08002cc0                OLED_SetBlock
 *fill*         0x08002da2        0x2 
 .text.OLED_DrawLine
                0x08002da4      0x1d8 ./Core/Src/oled.o
                0x08002da4                OLED_DrawLine
 .text.OLED_DrawRectangle
                0x08002f7c       0xa2 ./Core/Src/oled.o
                0x08002f7c                OLED_DrawRectangle
 .text.OLED_DrawFilledRectangle
                0x0800301e       0x64 ./Core/Src/oled.o
                0x0800301e                OLED_DrawFilledRectangle
 .text.OLED_DrawCircle
                0x08003082      0x1b8 ./Core/Src/oled.o
                0x08003082                OLED_DrawCircle
 .text.OLED_DrawImage
                0x0800323a       0x3c ./Core/Src/oled.o
                0x0800323a                OLED_DrawImage
 .text.OLED_PrintASCIIChar
                0x08003276       0x5e ./Core/Src/oled.o
                0x08003276                OLED_PrintASCIIChar
 .text._OLED_GetUTF8Len
                0x080032d4       0x52 ./Core/Src/oled.o
                0x080032d4                _OLED_GetUTF8Len
 .text.OLED_PrintString
                0x08003326      0x14c ./Core/Src/oled.o
                0x08003326                OLED_PrintString
 *fill*         0x08003472        0x2 
 .text.MX_RTC_Init
                0x08003474       0x38 ./Core/Src/rtc.o
                0x08003474                MX_RTC_Init
 .text.HAL_RTC_MspInit
                0x080034ac       0x58 ./Core/Src/rtc.o
                0x080034ac                HAL_RTC_MspInit
 .text.HAL_MspInit
                0x08003504       0x64 ./Core/Src/stm32f1xx_hal_msp.o
                0x08003504                HAL_MspInit
 .text.NMI_Handler
                0x08003568        0x8 ./Core/Src/stm32f1xx_it.o
                0x08003568                NMI_Handler
 .text.HardFault_Handler
                0x08003570        0x8 ./Core/Src/stm32f1xx_it.o
                0x08003570                HardFault_Handler
 .text.MemManage_Handler
                0x08003578        0x8 ./Core/Src/stm32f1xx_it.o
                0x08003578                MemManage_Handler
 .text.BusFault_Handler
                0x08003580        0x8 ./Core/Src/stm32f1xx_it.o
                0x08003580                BusFault_Handler
 .text.UsageFault_Handler
                0x08003588        0x8 ./Core/Src/stm32f1xx_it.o
                0x08003588                UsageFault_Handler
 .text.SVC_Handler
                0x08003590        0xc ./Core/Src/stm32f1xx_it.o
                0x08003590                SVC_Handler
 .text.DebugMon_Handler
                0x0800359c        0xc ./Core/Src/stm32f1xx_it.o
                0x0800359c                DebugMon_Handler
 .text.PendSV_Handler
                0x080035a8        0xc ./Core/Src/stm32f1xx_it.o
                0x080035a8                PendSV_Handler
 .text.SysTick_Handler
                0x080035b4       0x30 ./Core/Src/stm32f1xx_it.o
                0x080035b4                SysTick_Handler
 .text.RTC_Alarm_IRQHandler
                0x080035e4       0x14 ./Core/Src/stm32f1xx_it.o
                0x080035e4                RTC_Alarm_IRQHandler
 .text.SystemInit
                0x080035f8        0xc ./Core/Src/system_stm32f1xx.o
                0x080035f8                SystemInit
 .text.MX_TIM3_Init
                0x08003604       0xec ./Core/Src/tim.o
                0x08003604                MX_TIM3_Init
 .text.MX_TIM4_Init
                0x080036f0       0xec ./Core/Src/tim.o
                0x080036f0                MX_TIM4_Init
 .text.HAL_TIM_Base_MspInit
                0x080037dc       0x64 ./Core/Src/tim.o
                0x080037dc                HAL_TIM_Base_MspInit
 .text.HAL_TIM_MspPostInit
                0x08003840       0xac ./Core/Src/tim.o
                0x08003840                HAL_TIM_MspPostInit
 .text.Reset_Handler
                0x080038ec       0x48 ./Core/Startup/startup_stm32f103cbtx.o
                0x080038ec                Reset_Handler
 .text.Default_Handler
                0x08003934        0x2 ./Core/Startup/startup_stm32f103cbtx.o
                0x08003934                USBWakeUp_IRQHandler
                0x08003934                TIM1_CC_IRQHandler
                0x08003934                PVD_IRQHandler
                0x08003934                EXTI3_IRQHandler
                0x08003934                EXTI0_IRQHandler
                0x08003934                I2C2_EV_IRQHandler
                0x08003934                ADC1_2_IRQHandler
                0x08003934                SPI1_IRQHandler
                0x08003934                TAMPER_IRQHandler
                0x08003934                DMA1_Channel4_IRQHandler
                0x08003934                USART3_IRQHandler
                0x08003934                RTC_IRQHandler
                0x08003934                DMA1_Channel7_IRQHandler
                0x08003934                CAN1_RX1_IRQHandler
                0x08003934                TIM4_IRQHandler
                0x08003934                I2C1_EV_IRQHandler
                0x08003934                DMA1_Channel6_IRQHandler
                0x08003934                TIM3_IRQHandler
                0x08003934                RCC_IRQHandler
                0x08003934                TIM1_TRG_COM_IRQHandler
                0x08003934                DMA1_Channel1_IRQHandler
                0x08003934                Default_Handler
                0x08003934                EXTI15_10_IRQHandler
                0x08003934                EXTI9_5_IRQHandler
                0x08003934                SPI2_IRQHandler
                0x08003934                DMA1_Channel5_IRQHandler
                0x08003934                EXTI4_IRQHandler
                0x08003934                USB_LP_CAN1_RX0_IRQHandler
                0x08003934                USB_HP_CAN1_TX_IRQHandler
                0x08003934                DMA1_Channel3_IRQHandler
                0x08003934                TIM1_UP_IRQHandler
                0x08003934                WWDG_IRQHandler
                0x08003934                TIM2_IRQHandler
                0x08003934                TIM1_BRK_IRQHandler
                0x08003934                EXTI1_IRQHandler
                0x08003934                USART2_IRQHandler
                0x08003934                I2C2_ER_IRQHandler
                0x08003934                DMA1_Channel2_IRQHandler
                0x08003934                CAN1_SCE_IRQHandler
                0x08003934                FLASH_IRQHandler
                0x08003934                USART1_IRQHandler
                0x08003934                I2C1_ER_IRQHandler
                0x08003934                EXTI2_IRQHandler
 *fill*         0x08003936        0x2 
 .text.HAL_Init
                0x08003938       0x2c ./Drivers/STM32F1xx_HAL_Driver/Src/stm32f1xx_hal.o
                0x08003938                HAL_Init
 .text.HAL_InitTick
                0x08003964       0x60 ./Drivers/STM32F1xx_HAL_Driver/Src/stm32f1xx_hal.o
                0x08003964                HAL_InitTick
 .text.HAL_IncTick
                0x080039c4       0x24 ./Drivers/STM32F1xx_HAL_Driver/Src/stm32f1xx_hal.o
                0x080039c4                HAL_IncTick
 .text.HAL_GetTick
                0x080039e8       0x14 ./Drivers/STM32F1xx_HAL_Driver/Src/stm32f1xx_hal.o
                0x080039e8                HAL_GetTick
 .text.HAL_Delay
                0x080039fc       0x48 ./Drivers/STM32F1xx_HAL_Driver/Src/stm32f1xx_hal.o
                0x080039fc                HAL_Delay
 .text.__NVIC_SetPriorityGrouping
                0x08003a44       0x48 ./Drivers/STM32F1xx_HAL_Driver/Src/stm32f1xx_hal_cortex.o
 .text.__NVIC_GetPriorityGrouping
                0x08003a8c       0x1c ./Drivers/STM32F1xx_HAL_Driver/Src/stm32f1xx_hal_cortex.o
 .text.__NVIC_EnableIRQ
                0x08003aa8       0x38 ./Drivers/STM32F1xx_HAL_Driver/Src/stm32f1xx_hal_cortex.o
 .text.__NVIC_SetPriority
                0x08003ae0       0x54 ./Drivers/STM32F1xx_HAL_Driver/Src/stm32f1xx_hal_cortex.o
 .text.NVIC_EncodePriority
                0x08003b34       0x64 ./Drivers/STM32F1xx_HAL_Driver/Src/stm32f1xx_hal_cortex.o
 .text.SysTick_Config
                0x08003b98       0x44 ./Drivers/STM32F1xx_HAL_Driver/Src/stm32f1xx_hal_cortex.o
 .text.HAL_NVIC_SetPriorityGrouping
                0x08003bdc       0x16 ./Drivers/STM32F1xx_HAL_Driver/Src/stm32f1xx_hal_cortex.o
                0x08003bdc                HAL_NVIC_SetPriorityGrouping
 .text.HAL_NVIC_SetPriority
                0x08003bf2       0x38 ./Drivers/STM32F1xx_HAL_Driver/Src/stm32f1xx_hal_cortex.o
                0x08003bf2                HAL_NVIC_SetPriority
 .text.HAL_NVIC_EnableIRQ
                0x08003c2a       0x1c ./Drivers/STM32F1xx_HAL_Driver/Src/stm32f1xx_hal_cortex.o
                0x08003c2a                HAL_NVIC_EnableIRQ
 .text.HAL_SYSTICK_Config
                0x08003c46       0x18 ./Drivers/STM32F1xx_HAL_Driver/Src/stm32f1xx_hal_cortex.o
                0x08003c46                HAL_SYSTICK_Config
 *fill*         0x08003c5e        0x2 
 .text.HAL_GPIO_Init
                0x08003c60      0x308 ./Drivers/STM32F1xx_HAL_Driver/Src/stm32f1xx_hal_gpio.o
                0x08003c60                HAL_GPIO_Init
 .text.HAL_GPIO_ReadPin
                0x08003f68       0x2e ./Drivers/STM32F1xx_HAL_Driver/Src/stm32f1xx_hal_gpio.o
                0x08003f68                HAL_GPIO_ReadPin
 *fill*         0x08003f96        0x2 
 .text.HAL_I2C_Init
                0x08003f98      0x288 ./Drivers/STM32F1xx_HAL_Driver/Src/stm32f1xx_hal_i2c.o
                0x08003f98                HAL_I2C_Init
 .text.HAL_I2C_Master_Transmit
                0x08004220      0x1fc ./Drivers/STM32F1xx_HAL_Driver/Src/stm32f1xx_hal_i2c.o
                0x08004220                HAL_I2C_Master_Transmit
 .text.I2C_MasterRequestWrite
                0x0800441c      0x104 ./Drivers/STM32F1xx_HAL_Driver/Src/stm32f1xx_hal_i2c.o
 .text.I2C_WaitOnFlagUntilTimeout
                0x08004520       0xf4 ./Drivers/STM32F1xx_HAL_Driver/Src/stm32f1xx_hal_i2c.o
 .text.I2C_WaitOnMasterAddressFlagUntilTimeout
                0x08004614      0x140 ./Drivers/STM32F1xx_HAL_Driver/Src/stm32f1xx_hal_i2c.o
 .text.I2C_WaitOnTXEFlagUntilTimeout
                0x08004754       0x90 ./Drivers/STM32F1xx_HAL_Driver/Src/stm32f1xx_hal_i2c.o
 .text.I2C_WaitOnBTFFlagUntilTimeout
                0x080047e4       0x90 ./Drivers/STM32F1xx_HAL_Driver/Src/stm32f1xx_hal_i2c.o
 .text.I2C_IsAcknowledgeFailed
                0x08004874       0x5c ./Drivers/STM32F1xx_HAL_Driver/Src/stm32f1xx_hal_i2c.o
 .text.HAL_PWR_EnableBkUpAccess
                0x080048d0       0x18 ./Drivers/STM32F1xx_HAL_Driver/Src/stm32f1xx_hal_pwr.o
                0x080048d0                HAL_PWR_EnableBkUpAccess
 .text.HAL_RCC_OscConfig
                0x080048e8      0x504 ./Drivers/STM32F1xx_HAL_Driver/Src/stm32f1xx_hal_rcc.o
                0x080048e8                HAL_RCC_OscConfig
 .text.HAL_RCC_ClockConfig
                0x08004dec      0x1d4 ./Drivers/STM32F1xx_HAL_Driver/Src/stm32f1xx_hal_rcc.o
                0x08004dec                HAL_RCC_ClockConfig
 .text.HAL_RCC_GetSysClockFreq
                0x08004fc0       0xa8 ./Drivers/STM32F1xx_HAL_Driver/Src/stm32f1xx_hal_rcc.o
                0x08004fc0                HAL_RCC_GetSysClockFreq
 .text.HAL_RCC_GetHCLKFreq
                0x08005068       0x14 ./Drivers/STM32F1xx_HAL_Driver/Src/stm32f1xx_hal_rcc.o
                0x08005068                HAL_RCC_GetHCLKFreq
 .text.HAL_RCC_GetPCLK1Freq
                0x0800507c       0x28 ./Drivers/STM32F1xx_HAL_Driver/Src/stm32f1xx_hal_rcc.o
                0x0800507c                HAL_RCC_GetPCLK1Freq
 .text.HAL_RCC_GetPCLK2Freq
                0x080050a4       0x28 ./Drivers/STM32F1xx_HAL_Driver/Src/stm32f1xx_hal_rcc.o
                0x080050a4                HAL_RCC_GetPCLK2Freq
 .text.RCC_Delay
                0x080050cc       0x3c ./Drivers/STM32F1xx_HAL_Driver/Src/stm32f1xx_hal_rcc.o
 .text.HAL_RCCEx_PeriphCLKConfig
                0x08005108      0x16c ./Drivers/STM32F1xx_HAL_Driver/Src/stm32f1xx_hal_rcc_ex.o
                0x08005108                HAL_RCCEx_PeriphCLKConfig
 .text.HAL_RCCEx_GetPeriphCLKFreq
                0x08005274      0x16c ./Drivers/STM32F1xx_HAL_Driver/Src/stm32f1xx_hal_rcc_ex.o
                0x08005274                HAL_RCCEx_GetPeriphCLKFreq
 .text.HAL_RTC_Init
                0x080053e0      0x118 ./Drivers/STM32F1xx_HAL_Driver/Src/stm32f1xx_hal_rtc.o
                0x080053e0                HAL_RTC_Init
 .text.HAL_RTC_AlarmIRQHandler
                0x080054f8       0x54 ./Drivers/STM32F1xx_HAL_Driver/Src/stm32f1xx_hal_rtc.o
                0x080054f8                HAL_RTC_AlarmIRQHandler
 .text.HAL_RTC_AlarmAEventCallback
                0x0800554c       0x12 ./Drivers/STM32F1xx_HAL_Driver/Src/stm32f1xx_hal_rtc.o
                0x0800554c                HAL_RTC_AlarmAEventCallback
 .text.HAL_RTC_WaitForSynchro
                0x0800555e       0x5a ./Drivers/STM32F1xx_HAL_Driver/Src/stm32f1xx_hal_rtc.o
                0x0800555e                HAL_RTC_WaitForSynchro
 .text.RTC_EnterInitMode
                0x080055b8       0x50 ./Drivers/STM32F1xx_HAL_Driver/Src/stm32f1xx_hal_rtc.o
 .text.RTC_ExitInitMode
                0x08005608       0x50 ./Drivers/STM32F1xx_HAL_Driver/Src/stm32f1xx_hal_rtc.o
 .text.HAL_TIM_Base_Init
                0x08005658       0x9e ./Drivers/STM32F1xx_HAL_Driver/Src/stm32f1xx_hal_tim.o
                0x08005658                HAL_TIM_Base_Init
 .text.HAL_TIM_PWM_Init
                0x080056f6       0x9e ./Drivers/STM32F1xx_HAL_Driver/Src/stm32f1xx_hal_tim.o
                0x080056f6                HAL_TIM_PWM_Init
 .text.HAL_TIM_PWM_MspInit
                0x08005794       0x12 ./Drivers/STM32F1xx_HAL_Driver/Src/stm32f1xx_hal_tim.o
                0x08005794                HAL_TIM_PWM_MspInit
 *fill*         0x080057a6        0x2 
 .text.HAL_TIM_PWM_Start
                0x080057a8      0x144 ./Drivers/STM32F1xx_HAL_Driver/Src/stm32f1xx_hal_tim.o
                0x080057a8                HAL_TIM_PWM_Start
 .text.HAL_TIM_PWM_ConfigChannel
                0x080058ec      0x184 ./Drivers/STM32F1xx_HAL_Driver/Src/stm32f1xx_hal_tim.o
                0x080058ec                HAL_TIM_PWM_ConfigChannel
 .text.HAL_TIM_ConfigClockSource
                0x08005a70      0x18e ./Drivers/STM32F1xx_HAL_Driver/Src/stm32f1xx_hal_tim.o
                0x08005a70                HAL_TIM_ConfigClockSource
 *fill*         0x08005bfe        0x2 
 .text.TIM_Base_SetConfig
                0x08005c00       0xdc ./Drivers/STM32F1xx_HAL_Driver/Src/stm32f1xx_hal_tim.o
                0x08005c00                TIM_Base_SetConfig
 .text.TIM_OC1_SetConfig
                0x08005cdc       0xcc ./Drivers/STM32F1xx_HAL_Driver/Src/stm32f1xx_hal_tim.o
 .text.TIM_OC2_SetConfig
                0x08005da8       0xd4 ./Drivers/STM32F1xx_HAL_Driver/Src/stm32f1xx_hal_tim.o
                0x08005da8                TIM_OC2_SetConfig
 .text.TIM_OC3_SetConfig
                0x08005e7c       0xd4 ./Drivers/STM32F1xx_HAL_Driver/Src/stm32f1xx_hal_tim.o
 .text.TIM_OC4_SetConfig
                0x08005f50       0x9c ./Drivers/STM32F1xx_HAL_Driver/Src/stm32f1xx_hal_tim.o
 .text.TIM_TI1_ConfigInputStage
                0x08005fec       0x5c ./Drivers/STM32F1xx_HAL_Driver/Src/stm32f1xx_hal_tim.o
 .text.TIM_TI2_ConfigInputStage
                0x08006048       0x5e ./Drivers/STM32F1xx_HAL_Driver/Src/stm32f1xx_hal_tim.o
 .text.TIM_ITRx_SetConfig
                0x080060a6       0x34 ./Drivers/STM32F1xx_HAL_Driver/Src/stm32f1xx_hal_tim.o
 .text.TIM_ETR_SetConfig
                0x080060da       0x3e ./Drivers/STM32F1xx_HAL_Driver/Src/stm32f1xx_hal_tim.o
                0x080060da                TIM_ETR_SetConfig
 .text.TIM_CCxChannelCmd
                0x08006118       0x48 ./Drivers/STM32F1xx_HAL_Driver/Src/stm32f1xx_hal_tim.o
                0x08006118                TIM_CCxChannelCmd
 .text.HAL_TIMEx_MasterConfigSynchronization
                0x08006160       0xbc ./Drivers/STM32F1xx_HAL_Driver/Src/stm32f1xx_hal_tim_ex.o
                0x08006160                HAL_TIMEx_MasterConfigSynchronization
 .text.memcmp   0x0800621c       0x20 /Applications/STM32CubeIDE.app/Contents/Eclipse/plugins/com.st.stm32cube.ide.mcu.externaltools.gnu-tools-for-stm32.13.3.rel1.macos64_1.0.0.202411102158/tools/bin/../lib/gcc/arm-none-eabi/13.3.1/../../../../arm-none-eabi/lib/thumb/v7-m/nofp/libc_nano.a(libc_a-memcmp.o)
                0x0800621c                memcmp
 .text.memset   0x0800623c       0x10 /Applications/STM32CubeIDE.app/Contents/Eclipse/plugins/com.st.stm32cube.ide.mcu.externaltools.gnu-tools-for-stm32.13.3.rel1.macos64_1.0.0.202411102158/tools/bin/../lib/gcc/arm-none-eabi/13.3.1/../../../../arm-none-eabi/lib/thumb/v7-m/nofp/libc_nano.a(libc_a-memset.o)
                0x0800623c                memset
 .text.__libc_init_array
                0x0800624c       0x48 /Applications/STM32CubeIDE.app/Contents/Eclipse/plugins/com.st.stm32cube.ide.mcu.externaltools.gnu-tools-for-stm32.13.3.rel1.macos64_1.0.0.202411102158/tools/bin/../lib/gcc/arm-none-eabi/13.3.1/../../../../arm-none-eabi/lib/thumb/v7-m/nofp/libc_nano.a(libc_a-init.o)
                0x0800624c                __libc_init_array
 .text.memcpy   0x08006294       0x1c /Applications/STM32CubeIDE.app/Contents/Eclipse/plugins/com.st.stm32cube.ide.mcu.externaltools.gnu-tools-for-stm32.13.3.rel1.macos64_1.0.0.202411102158/tools/bin/../lib/gcc/arm-none-eabi/13.3.1/../../../../arm-none-eabi/lib/thumb/v7-m/nofp/libc_nano.a(libc_a-memcpy-stub.o)
                0x08006294                memcpy
 *(.glue_7)
 .glue_7        0x080062b0        0x0 linker stubs
 *(.glue_7t)
 .glue_7t       0x080062b0        0x0 linker stubs
 *(.eh_frame)
 .eh_frame      0x080062b0        0x0 /Applications/STM32CubeIDE.app/Contents/Eclipse/plugins/com.st.stm32cube.ide.mcu.externaltools.gnu-tools-for-stm32.13.3.rel1.macos64_1.0.0.202411102158/tools/bin/../lib/gcc/arm-none-eabi/13.3.1/thumb/v7-m/nofp/crtbegin.o
 *(.init)
 .init          0x080062b0        0x4 /Applications/STM32CubeIDE.app/Contents/Eclipse/plugins/com.st.stm32cube.ide.mcu.externaltools.gnu-tools-for-stm32.13.3.rel1.macos64_1.0.0.202411102158/tools/bin/../lib/gcc/arm-none-eabi/13.3.1/thumb/v7-m/nofp/crti.o
                0x080062b0                _init
 .init          0x080062b4        0x8 /Applications/STM32CubeIDE.app/Contents/Eclipse/plugins/com.st.stm32cube.ide.mcu.externaltools.gnu-tools-for-stm32.13.3.rel1.macos64_1.0.0.202411102158/tools/bin/../lib/gcc/arm-none-eabi/13.3.1/thumb/v7-m/nofp/crtn.o
 *(.fini)
 .fini          0x080062bc        0x4 /Applications/STM32CubeIDE.app/Contents/Eclipse/plugins/com.st.stm32cube.ide.mcu.externaltools.gnu-tools-for-stm32.13.3.rel1.macos64_1.0.0.202411102158/tools/bin/../lib/gcc/arm-none-eabi/13.3.1/thumb/v7-m/nofp/crti.o
                0x080062bc                _fini
 .fini          0x080062c0        0x8 /Applications/STM32CubeIDE.app/Contents/Eclipse/plugins/com.st.stm32cube.ide.mcu.externaltools.gnu-tools-for-stm32.13.3.rel1.macos64_1.0.0.202411102158/tools/bin/../lib/gcc/arm-none-eabi/13.3.1/thumb/v7-m/nofp/crtn.o
                0x080062c8                        . = ALIGN (0x4)
                0x080062c8                        _etext = .

.vfp11_veneer   0x080062c8        0x0
 .vfp11_veneer  0x080062c8        0x0 linker stubs

.v4_bx          0x080062c8        0x0
 .v4_bx         0x080062c8        0x0 linker stubs

.iplt           0x080062c8        0x0
 .iplt          0x080062c8        0x0 /Applications/STM32CubeIDE.app/Contents/Eclipse/plugins/com.st.stm32cube.ide.mcu.externaltools.gnu-tools-for-stm32.13.3.rel1.macos64_1.0.0.202411102158/tools/bin/../lib/gcc/arm-none-eabi/13.3.1/thumb/v7-m/nofp/crtbegin.o

.rodata         0x080062c8      0xb68
                0x080062c8                        . = ALIGN (0x4)
 *(.rodata)
 .rodata        0x080062c8       0x68 ./Core/Src/main.o
 *(.rodata*)
 .rodata.ascii_16x8
                0x08006330      0x5f0 ./Core/Src/font.o
                0x08006330                ascii_16x8
 .rodata.afont16x8
                0x08006920        0x8 ./Core/Src/font.o
                0x08006920                afont16x8
 .rodata.zh13x13
                0x08006928       0x78 ./Core/Src/font.o
                0x08006928                zh13x13
 .rodata.font13x13
                0x080069a0       0x10 ./Core/Src/font.o
                0x080069a0                font13x13
 .rodata.zh15x15
                0x080069b0       0xee ./Core/Src/font.o
                0x080069b0                zh15x15
 *fill*         0x08006a9e        0x2 
 .rodata.font15x15
                0x08006aa0       0x10 ./Core/Src/font.o
                0x08006aa0                font15x15
 .rodata.zh16x16
                0x08006ab0       0x6c ./Core/Src/font.o
                0x08006ab0                zh16x16
 .rodata.font16x16
                0x08006b1c       0x10 ./Core/Src/font.o
                0x08006b1c                font16x16
 .rodata.UESTCData
                0x08006b2c      0x114 ./Core/Src/font.o
                0x08006b2c                UESTCData
 .rodata.UESTCImg
                0x08006c40        0x8 ./Core/Src/font.o
                0x08006c40                UESTCImg
 .rodata.note_freqs
                0x08006c48      0x188 ./Core/Src/song.o
                0x08006c48                note_freqs
 .rodata.Start_Music_Note_Num
                0x08006dd0        0x4 ./Core/Src/song.o
                0x08006dd0                Start_Music_Note_Num
 .rodata.Start_Music_BPM
                0x08006dd4        0x4 ./Core/Src/song.o
                0x08006dd4                Start_Music_BPM
 .rodata.Haruhikage_Note_Num
                0x08006dd8        0x4 ./Core/Src/song.o
                0x08006dd8                Haruhikage_Note_Num
 .rodata.Haruhikage_BPM
                0x08006ddc        0x4 ./Core/Src/song.o
                0x08006ddc                Haruhikage_BPM
 .rodata.Blossom_Note_Num
                0x08006de0        0x4 ./Core/Src/song.o
                0x08006de0                Blossom_Note_Num
 .rodata.Blossom_BPM
                0x08006de4        0x4 ./Core/Src/song.o
                0x08006de4                Blossom_BPM
 .rodata.Cheerleader_Note_Num
                0x08006de8        0x4 ./Core/Src/song.o
                0x08006de8                Cheerleader_Note_Num
 .rodata.Cheerleader_BPM
                0x08006dec        0x4 ./Core/Src/song.o
                0x08006dec                Cheerleader_BPM
 .rodata.AHBPrescTable
                0x08006df0       0x10 ./Core/Src/system_stm32f1xx.o
                0x08006df0                AHBPrescTable
 .rodata.APBPrescTable
                0x08006e00        0x8 ./Core/Src/system_stm32f1xx.o
                0x08006e00                APBPrescTable
 .rodata.aPLLMULFactorTable.1
                0x08006e08       0x10 ./Drivers/STM32F1xx_HAL_Driver/Src/stm32f1xx_hal_rcc.o
 .rodata.aPredivFactorTable.0
                0x08006e18        0x2 ./Drivers/STM32F1xx_HAL_Driver/Src/stm32f1xx_hal_rcc.o
 *fill*         0x08006e1a        0x2 
 .rodata.aPLLMULFactorTable.1
                0x08006e1c       0x10 ./Drivers/STM32F1xx_HAL_Driver/Src/stm32f1xx_hal_rcc_ex.o
 .rodata.aPredivFactorTable.0
                0x08006e2c        0x2 ./Drivers/STM32F1xx_HAL_Driver/Src/stm32f1xx_hal_rcc_ex.o
                0x08006e30                        . = ALIGN (0x4)
 *fill*         0x08006e2e        0x2 

.ARM.extab      0x08006e30        0x0
                0x08006e30                        . = ALIGN (0x4)
 *(.ARM.extab* .gnu.linkonce.armextab.*)
                0x08006e30                        . = ALIGN (0x4)

.ARM            0x08006e30        0x0
                0x08006e30                        . = ALIGN (0x4)
                0x08006e30                        __exidx_start = .
 *(.ARM.exidx*)
                0x08006e30                        __exidx_end = .
                0x08006e30                        . = ALIGN (0x4)

.preinit_array  0x08006e30        0x0
                0x08006e30                        . = ALIGN (0x4)
                0x08006e30                        PROVIDE (__preinit_array_start = .)
 *(.preinit_array*)
                0x08006e30                        PROVIDE (__preinit_array_end = .)
                0x08006e30                        . = ALIGN (0x4)

.init_array     0x08006e30        0x4
                0x08006e30                        . = ALIGN (0x4)
                0x08006e30                        PROVIDE (__init_array_start = .)
 *(SORT_BY_NAME(.init_array.*))
 *(.init_array*)
 .init_array    0x08006e30        0x4 /Applications/STM32CubeIDE.app/Contents/Eclipse/plugins/com.st.stm32cube.ide.mcu.externaltools.gnu-tools-for-stm32.13.3.rel1.macos64_1.0.0.202411102158/tools/bin/../lib/gcc/arm-none-eabi/13.3.1/thumb/v7-m/nofp/crtbegin.o
                0x08006e34                        PROVIDE (__init_array_end = .)
                0x08006e34                        . = ALIGN (0x4)

.fini_array     0x08006e34        0x4
                0x08006e34                        . = ALIGN (0x4)
                [!provide]                        PROVIDE (__fini_array_start = .)
 *(SORT_BY_NAME(.fini_array.*))
 *(.fini_array*)
 .fini_array    0x08006e34        0x4 /Applications/STM32CubeIDE.app/Contents/Eclipse/plugins/com.st.stm32cube.ide.mcu.externaltools.gnu-tools-for-stm32.13.3.rel1.macos64_1.0.0.202411102158/tools/bin/../lib/gcc/arm-none-eabi/13.3.1/thumb/v7-m/nofp/crtbegin.o
                [!provide]                        PROVIDE (__fini_array_end = .)
                0x08006e38                        . = ALIGN (0x4)
                0x08006e38                        _sidata = LOADADDR (.data)

.rel.dyn        0x08006e38        0x0
 .rel.iplt      0x08006e38        0x0 /Applications/STM32CubeIDE.app/Contents/Eclipse/plugins/com.st.stm32cube.ide.mcu.externaltools.gnu-tools-for-stm32.13.3.rel1.macos64_1.0.0.202411102158/tools/bin/../lib/gcc/arm-none-eabi/13.3.1/thumb/v7-m/nofp/crtbegin.o

.data           0x20000000      0x164 load address 0x08006e38
                0x20000000                        . = ALIGN (0x4)
                0x20000000                        _sdata = .
 *(.data)
 *(.data*)
 .data.Volume   0x20000000        0x2 ./Core/Src/main.o
                0x20000000                Volume
 .data.First_Cursor_Position
                0x20000002        0x2 ./Core/Src/main.o
                0x20000002                First_Cursor_Position
 .data.Second_Cursor_Position
                0x20000004        0x2 ./Core/Src/main.o
                0x20000004                Second_Cursor_Position
 *fill*         0x20000006        0x2 
 .data.note_time
                0x20000008       0x14 ./Core/Src/song.o
                0x20000008                note_time
 .data.Start_Music_Sheet
                0x2000001c       0x16 ./Core/Src/song.o
                0x2000001c                Start_Music_Sheet
 *fill*         0x20000032        0x2 
 .data.Haruhikage_Sheet
                0x20000034       0x58 ./Core/Src/song.o
                0x20000034                Haruhikage_Sheet
 .data.Blossom_Sheet
                0x2000008c       0x4a ./Core/Src/song.o
                0x2000008c                Blossom_Sheet
 *fill*         0x200000d6        0x2 
 .data.Cheerleader_Sheet
                0x200000d8       0x7e ./Core/Src/song.o
                0x200000d8                Cheerleader_Sheet
 *fill*         0x20000156        0x2 
 .data.SystemCoreClock
                0x20000158        0x4 ./Core/Src/system_stm32f1xx.o
                0x20000158                SystemCoreClock
 .data.uwTickPrio
                0x2000015c        0x4 ./Drivers/STM32F1xx_HAL_Driver/Src/stm32f1xx_hal.o
                0x2000015c                uwTickPrio
 .data.uwTickFreq
                0x20000160        0x1 ./Drivers/STM32F1xx_HAL_Driver/Src/stm32f1xx_hal.o
                0x20000160                uwTickFreq
 *(.RamFunc)
 *(.RamFunc*)
                0x20000164                        . = ALIGN (0x4)
 *fill*         0x20000161        0x3 
                0x20000164                        _edata = .

.igot.plt       0x20000164        0x0 load address 0x08006f9c
 .igot.plt      0x20000164        0x0 /Applications/STM32CubeIDE.app/Contents/Eclipse/plugins/com.st.stm32cube.ide.mcu.externaltools.gnu-tools-for-stm32.13.3.rel1.macos64_1.0.0.202411102158/tools/bin/../lib/gcc/arm-none-eabi/13.3.1/thumb/v7-m/nofp/crtbegin.o
                0x20000164                        . = ALIGN (0x4)

.bss            0x20000164      0x684 load address 0x08006f9c
                0x20000164                        _sbss = .
                0x20000164                        __bss_start__ = _sbss
 *(.bss)
 .bss           0x20000164       0x1c /Applications/STM32CubeIDE.app/Contents/Eclipse/plugins/com.st.stm32cube.ide.mcu.externaltools.gnu-tools-for-stm32.13.3.rel1.macos64_1.0.0.202411102158/tools/bin/../lib/gcc/arm-none-eabi/13.3.1/thumb/v7-m/nofp/crtbegin.o
 *(.bss*)
 .bss.hi2c2     0x20000180       0x54 ./Core/Src/i2c.o
                0x20000180                hi2c2
 .bss.KEY1      0x200001d4       0x2c ./Core/Src/main.o
 .bss.KEY2      0x20000200       0x2c ./Core/Src/main.o
 .bss.KEY3      0x2000022c       0x2c ./Core/Src/main.o
 .bss.KEY4      0x20000258       0x2c ./Core/Src/main.o
 .bss.PlayerState
                0x20000284        0x1 ./Core/Src/main.o
                0x20000284                PlayerState
 .bss.CurrentMenu
                0x20000285        0x1 ./Core/Src/main.o
                0x20000285                CurrentMenu
 .bss.Selected_Song
                0x20000286        0x1 ./Core/Src/main.o
                0x20000286                Selected_Song
 *fill*         0x20000287        0x1 
 .bss.Current_Song_Sheet
                0x20000288        0x4 ./Core/Src/main.o
                0x20000288                Current_Song_Sheet
 .bss.Current_Song_Time_Length
                0x2000028c        0x4 ./Core/Src/main.o
                0x2000028c                Current_Song_Time_Length
 .bss.Current_Song_Note_Num
                0x20000290        0x4 ./Core/Src/main.o
                0x20000290                Current_Song_Note_Num
 .bss.currentNote
                0x20000294        0x4 ./Core/Src/main.o
                0x20000294                currentNote
 .bss.elapsedTime
                0x20000298        0x4 ./Core/Src/main.o
                0x20000298                elapsedTime
 .bss.current_Play_Time
                0x2000029c        0x4 ./Core/Src/main.o
                0x2000029c                current_Play_Time
 .bss.is_Doubled_Playing
                0x200002a0        0x2 ./Core/Src/main.o
                0x200002a0                is_Doubled_Playing
 .bss.is_Enter_Secondary_Menu
                0x200002a2        0x2 ./Core/Src/main.o
                0x200002a2                is_Enter_Secondary_Menu
 .bss.is_Leave_Secondary_Menu
                0x200002a4        0x2 ./Core/Src/main.o
                0x200002a4                is_Leave_Secondary_Menu
 .bss.is_Enter_Song
                0x200002a6        0x2 ./Core/Src/main.o
                0x200002a6                is_Enter_Song
 .bss.is_Leave_Song
                0x200002a8        0x2 ./Core/Src/main.o
                0x200002a8                is_Leave_Song
 .bss.is_next10s_Playing
                0x200002aa        0x2 ./Core/Src/main.o
                0x200002aa                is_next10s_Playing
 .bss.is_previous10s_Playing
                0x200002ac        0x2 ./Core/Src/main.o
                0x200002ac                is_previous10s_Playing
 *fill*         0x200002ae        0x2 
 .bss.head_handle
                0x200002b0        0x4 ./Core/Src/multi_button.o
 .bss.OLED_GRAM
                0x200002b4      0x400 ./Core/Src/oled.o
                0x200002b4                OLED_GRAM
 .bss.sendBuffer.3
                0x200006b4        0x2 ./Core/Src/oled.o
 *fill*         0x200006b6        0x2 
 .bss.sendBuffer.2
                0x200006b8       0x81 ./Core/Src/oled.o
 .bss.temp.1    0x20000739        0x1 ./Core/Src/oled.o
 .bss.temp.0    0x2000073a        0x1 ./Core/Src/oled.o
 *fill*         0x2000073b        0x1 
 .bss.hrtc      0x2000073c       0x14 ./Core/Src/rtc.o
                0x2000073c                hrtc
 .bss.tick5ms   0x20000750        0x4 ./Core/Src/stm32f1xx_it.o
                0x20000750                tick5ms
 .bss.htim3     0x20000754       0x48 ./Core/Src/tim.o
                0x20000754                htim3
 .bss.htim4     0x2000079c       0x48 ./Core/Src/tim.o
                0x2000079c                htim4
 .bss.uwTick    0x200007e4        0x4 ./Drivers/STM32F1xx_HAL_Driver/Src/stm32f1xx_hal.o
                0x200007e4                uwTick
 *(COMMON)
                0x200007e8                        . = ALIGN (0x4)
                0x200007e8                        _ebss = .
                0x200007e8                        __bss_end__ = _ebss

._user_heap_stack
                0x200007e8      0x600 load address 0x08006f9c
                0x200007e8                        . = ALIGN (0x8)
                [!provide]                        PROVIDE (end = .)
                0x200007e8                        PROVIDE (_end = .)
                0x200009e8                        . = (. + _Min_Heap_Size)
 *fill*         0x200007e8      0x200 
                0x20000de8                        . = (. + _Min_Stack_Size)
 *fill*         0x200009e8      0x400 
                0x20000de8                        . = ALIGN (0x8)

/DISCARD/
 libc.a(*)
 libm.a(*)
 libgcc.a(*)

.ARM.attributes
                0x00000000       0x29
 *(.ARM.attributes)
 .ARM.attributes
                0x00000000       0x1d /Applications/STM32CubeIDE.app/Contents/Eclipse/plugins/com.st.stm32cube.ide.mcu.externaltools.gnu-tools-for-stm32.13.3.rel1.macos64_1.0.0.202411102158/tools/bin/../lib/gcc/arm-none-eabi/13.3.1/thumb/v7-m/nofp/crti.o
 .ARM.attributes
                0x0000001d       0x2d /Applications/STM32CubeIDE.app/Contents/Eclipse/plugins/com.st.stm32cube.ide.mcu.externaltools.gnu-tools-for-stm32.13.3.rel1.macos64_1.0.0.202411102158/tools/bin/../lib/gcc/arm-none-eabi/13.3.1/thumb/v7-m/nofp/crtbegin.o
 .ARM.attributes
                0x0000004a       0x2d ./Core/Src/font.o
 .ARM.attributes
                0x00000077       0x2d ./Core/Src/gpio.o
 .ARM.attributes
                0x000000a4       0x2d ./Core/Src/i2c.o
 .ARM.attributes
                0x000000d1       0x2d ./Core/Src/main.o
 .ARM.attributes
                0x000000fe       0x2d ./Core/Src/multi_button.o
 .ARM.attributes
                0x0000012b       0x2d ./Core/Src/oled.o
 .ARM.attributes
                0x00000158       0x2d ./Core/Src/rtc.o
 .ARM.attributes
                0x00000185       0x2d ./Core/Src/song.o
 .ARM.attributes
                0x000001b2       0x2d ./Core/Src/stm32f1xx_hal_msp.o
 .ARM.attributes
                0x000001df       0x2d ./Core/Src/stm32f1xx_it.o
 .ARM.attributes
                0x0000020c       0x2d ./Core/Src/system_stm32f1xx.o
 .ARM.attributes
                0x00000239       0x2d ./Core/Src/tim.o
 .ARM.attributes
                0x00000266       0x21 ./Core/Startup/startup_stm32f103cbtx.o
 .ARM.attributes
                0x00000287       0x2d ./Drivers/STM32F1xx_HAL_Driver/Src/stm32f1xx_hal.o
 .ARM.attributes
                0x000002b4       0x2d ./Drivers/STM32F1xx_HAL_Driver/Src/stm32f1xx_hal_cortex.o
 .ARM.attributes
                0x000002e1       0x2d ./Drivers/STM32F1xx_HAL_Driver/Src/stm32f1xx_hal_gpio.o
 .ARM.attributes
                0x0000030e       0x2d ./Drivers/STM32F1xx_HAL_Driver/Src/stm32f1xx_hal_i2c.o
 .ARM.attributes
                0x0000033b       0x2d ./Drivers/STM32F1xx_HAL_Driver/Src/stm32f1xx_hal_pwr.o
 .ARM.attributes
                0x00000368       0x2d ./Drivers/STM32F1xx_HAL_Driver/Src/stm32f1xx_hal_rcc.o
 .ARM.attributes
                0x00000395       0x2d ./Drivers/STM32F1xx_HAL_Driver/Src/stm32f1xx_hal_rcc_ex.o
 .ARM.attributes
                0x000003c2       0x2d ./Drivers/STM32F1xx_HAL_Driver/Src/stm32f1xx_hal_rtc.o
 .ARM.attributes
                0x000003ef       0x2d ./Drivers/STM32F1xx_HAL_Driver/Src/stm32f1xx_hal_tim.o
 .ARM.attributes
                0x0000041c       0x2d ./Drivers/STM32F1xx_HAL_Driver/Src/stm32f1xx_hal_tim_ex.o
 .ARM.attributes
                0x00000449       0x2d /Applications/STM32CubeIDE.app/Contents/Eclipse/plugins/com.st.stm32cube.ide.mcu.externaltools.gnu-tools-for-stm32.13.3.rel1.macos64_1.0.0.202411102158/tools/bin/../lib/gcc/arm-none-eabi/13.3.1/../../../../arm-none-eabi/lib/thumb/v7-m/nofp/libc_nano.a(libc_a-memcmp.o)
 .ARM.attributes
                0x00000476       0x2d /Applications/STM32CubeIDE.app/Contents/Eclipse/plugins/com.st.stm32cube.ide.mcu.externaltools.gnu-tools-for-stm32.13.3.rel1.macos64_1.0.0.202411102158/tools/bin/../lib/gcc/arm-none-eabi/13.3.1/../../../../arm-none-eabi/lib/thumb/v7-m/nofp/libc_nano.a(libc_a-memset.o)
 .ARM.attributes
                0x000004a3       0x2d /Applications/STM32CubeIDE.app/Contents/Eclipse/plugins/com.st.stm32cube.ide.mcu.externaltools.gnu-tools-for-stm32.13.3.rel1.macos64_1.0.0.202411102158/tools/bin/../lib/gcc/arm-none-eabi/13.3.1/../../../../arm-none-eabi/lib/thumb/v7-m/nofp/libc_nano.a(libc_a-init.o)
 .ARM.attributes
                0x000004d0       0x2d /Applications/STM32CubeIDE.app/Contents/Eclipse/plugins/com.st.stm32cube.ide.mcu.externaltools.gnu-tools-for-stm32.13.3.rel1.macos64_1.0.0.202411102158/tools/bin/../lib/gcc/arm-none-eabi/13.3.1/../../../../arm-none-eabi/lib/thumb/v7-m/nofp/libc_nano.a(libc_a-memcpy-stub.o)
 .ARM.attributes
                0x000004fd       0x1d /Applications/STM32CubeIDE.app/Contents/Eclipse/plugins/com.st.stm32cube.ide.mcu.externaltools.gnu-tools-for-stm32.13.3.rel1.macos64_1.0.0.202411102158/tools/bin/../lib/gcc/arm-none-eabi/13.3.1/thumb/v7-m/nofp/libgcc.a(_arm_addsubdf3.o)
 .ARM.attributes
                0x0000051a       0x1d /Applications/STM32CubeIDE.app/Contents/Eclipse/plugins/com.st.stm32cube.ide.mcu.externaltools.gnu-tools-for-stm32.13.3.rel1.macos64_1.0.0.202411102158/tools/bin/../lib/gcc/arm-none-eabi/13.3.1/thumb/v7-m/nofp/libgcc.a(_arm_muldivdf3.o)
 .ARM.attributes
                0x00000537       0x1d /Applications/STM32CubeIDE.app/Contents/Eclipse/plugins/com.st.stm32cube.ide.mcu.externaltools.gnu-tools-for-stm32.13.3.rel1.macos64_1.0.0.202411102158/tools/bin/../lib/gcc/arm-none-eabi/13.3.1/thumb/v7-m/nofp/libgcc.a(_arm_fixdfsi.o)
 .ARM.attributes
                0x00000554       0x1d /Applications/STM32CubeIDE.app/Contents/Eclipse/plugins/com.st.stm32cube.ide.mcu.externaltools.gnu-tools-for-stm32.13.3.rel1.macos64_1.0.0.202411102158/tools/bin/../lib/gcc/arm-none-eabi/13.3.1/thumb/v7-m/nofp/libgcc.a(_arm_addsubsf3.o)
 .ARM.attributes
                0x00000571       0x1d /Applications/STM32CubeIDE.app/Contents/Eclipse/plugins/com.st.stm32cube.ide.mcu.externaltools.gnu-tools-for-stm32.13.3.rel1.macos64_1.0.0.202411102158/tools/bin/../lib/gcc/arm-none-eabi/13.3.1/thumb/v7-m/nofp/libgcc.a(_arm_muldivsf3.o)
 .ARM.attributes
                0x0000058e       0x1d /Applications/STM32CubeIDE.app/Contents/Eclipse/plugins/com.st.stm32cube.ide.mcu.externaltools.gnu-tools-for-stm32.13.3.rel1.macos64_1.0.0.202411102158/tools/bin/../lib/gcc/arm-none-eabi/13.3.1/thumb/v7-m/nofp/libgcc.a(_arm_fixunssfsi.o)
 .ARM.attributes
                0x000005ab       0x1d /Applications/STM32CubeIDE.app/Contents/Eclipse/plugins/com.st.stm32cube.ide.mcu.externaltools.gnu-tools-for-stm32.13.3.rel1.macos64_1.0.0.202411102158/tools/bin/../lib/gcc/arm-none-eabi/13.3.1/thumb/v7-m/nofp/crtn.o
OUTPUT(MusicBox.elf elf32-littlearm)
LOAD linker stubs
LOAD /Applications/STM32CubeIDE.app/Contents/Eclipse/plugins/com.st.stm32cube.ide.mcu.externaltools.gnu-tools-for-stm32.13.3.rel1.macos64_1.0.0.202411102158/tools/bin/../lib/gcc/arm-none-eabi/13.3.1/../../../../arm-none-eabi/lib/thumb/v7-m/nofp/libc.a
LOAD /Applications/STM32CubeIDE.app/Contents/Eclipse/plugins/com.st.stm32cube.ide.mcu.externaltools.gnu-tools-for-stm32.13.3.rel1.macos64_1.0.0.202411102158/tools/bin/../lib/gcc/arm-none-eabi/13.3.1/../../../../arm-none-eabi/lib/thumb/v7-m/nofp/libm.a
LOAD /Applications/STM32CubeIDE.app/Contents/Eclipse/plugins/com.st.stm32cube.ide.mcu.externaltools.gnu-tools-for-stm32.13.3.rel1.macos64_1.0.0.202411102158/tools/bin/../lib/gcc/arm-none-eabi/13.3.1/thumb/v7-m/nofp/libgcc.a

.debug_info     0x00000000     0xf259
 .debug_info    0x00000000      0x49f ./Core/Src/font.o
 .debug_info    0x0000049f      0x276 ./Core/Src/gpio.o
 .debug_info    0x00000715      0x7e3 ./Core/Src/i2c.o
 .debug_info    0x00000ef8     0x1730 ./Core/Src/main.o
 .debug_info    0x00002628      0x4ab ./Core/Src/multi_button.o
 .debug_info    0x00002ad3     0x1258 ./Core/Src/oled.o
 .debug_info    0x00003d2b      0x578 ./Core/Src/rtc.o
 .debug_info    0x000042a3      0x4b2 ./Core/Src/song.o
 .debug_info    0x00004755      0x1f1 ./Core/Src/stm32f1xx_hal_msp.o
 .debug_info    0x00004946      0x39a ./Core/Src/stm32f1xx_it.o
 .debug_info    0x00004ce0      0x222 ./Core/Src/system_stm32f1xx.o
 .debug_info    0x00004f02      0xaa9 ./Core/Src/tim.o
 .debug_info    0x000059ab       0x30 ./Core/Startup/startup_stm32f103cbtx.o
 .debug_info    0x000059db      0x704 ./Drivers/STM32F1xx_HAL_Driver/Src/stm32f1xx_hal.o
 .debug_info    0x000060df      0xa87 ./Drivers/STM32F1xx_HAL_Driver/Src/stm32f1xx_hal_cortex.o
 .debug_info    0x00006b66      0x5ab ./Drivers/STM32F1xx_HAL_Driver/Src/stm32f1xx_hal_gpio.o
 .debug_info    0x00007111     0x2524 ./Drivers/STM32F1xx_HAL_Driver/Src/stm32f1xx_hal_i2c.o
 .debug_info    0x00009635      0x628 ./Drivers/STM32F1xx_HAL_Driver/Src/stm32f1xx_hal_pwr.o
 .debug_info    0x00009c5d      0x7d5 ./Drivers/STM32F1xx_HAL_Driver/Src/stm32f1xx_hal_rcc.o
 .debug_info    0x0000a432      0x3c0 ./Drivers/STM32F1xx_HAL_Driver/Src/stm32f1xx_hal_rcc_ex.o
 .debug_info    0x0000a7f2      0xc73 ./Drivers/STM32F1xx_HAL_Driver/Src/stm32f1xx_hal_rtc.o
 .debug_info    0x0000b465     0x2959 ./Drivers/STM32F1xx_HAL_Driver/Src/stm32f1xx_hal_tim.o
 .debug_info    0x0000ddbe     0x149b ./Drivers/STM32F1xx_HAL_Driver/Src/stm32f1xx_hal_tim_ex.o

.debug_abbrev   0x00000000     0x2c7a
 .debug_abbrev  0x00000000       0xf9 ./Core/Src/font.o
 .debug_abbrev  0x000000f9      0x122 ./Core/Src/gpio.o
 .debug_abbrev  0x0000021b      0x1de ./Core/Src/i2c.o
 .debug_abbrev  0x000003f9      0x429 ./Core/Src/main.o
 .debug_abbrev  0x00000822      0x218 ./Core/Src/multi_button.o
 .debug_abbrev  0x00000a3a      0x2ec ./Core/Src/oled.o
 .debug_abbrev  0x00000d26      0x1be ./Core/Src/rtc.o
 .debug_abbrev  0x00000ee4       0xdd ./Core/Src/song.o
 .debug_abbrev  0x00000fc1       0xdb ./Core/Src/stm32f1xx_hal_msp.o
 .debug_abbrev  0x0000109c      0x170 ./Core/Src/stm32f1xx_it.o
 .debug_abbrev  0x0000120c      0x13f ./Core/Src/system_stm32f1xx.o
 .debug_abbrev  0x0000134b      0x241 ./Core/Src/tim.o
 .debug_abbrev  0x0000158c       0x24 ./Core/Startup/startup_stm32f103cbtx.o
 .debug_abbrev  0x000015b0      0x201 ./Drivers/STM32F1xx_HAL_Driver/Src/stm32f1xx_hal.o
 .debug_abbrev  0x000017b1      0x2f8 ./Drivers/STM32F1xx_HAL_Driver/Src/stm32f1xx_hal_cortex.o
 .debug_abbrev  0x00001aa9      0x1ca ./Drivers/STM32F1xx_HAL_Driver/Src/stm32f1xx_hal_gpio.o
 .debug_abbrev  0x00001c73      0x2a3 ./Drivers/STM32F1xx_HAL_Driver/Src/stm32f1xx_hal_i2c.o
 .debug_abbrev  0x00001f16      0x1f6 ./Drivers/STM32F1xx_HAL_Driver/Src/stm32f1xx_hal_pwr.o
 .debug_abbrev  0x0000210c      0x2b3 ./Drivers/STM32F1xx_HAL_Driver/Src/stm32f1xx_hal_rcc.o
 .debug_abbrev  0x000023bf      0x188 ./Drivers/STM32F1xx_HAL_Driver/Src/stm32f1xx_hal_rcc_ex.o
 .debug_abbrev  0x00002547      0x23a ./Drivers/STM32F1xx_HAL_Driver/Src/stm32f1xx_hal_rtc.o
 .debug_abbrev  0x00002781      0x277 ./Drivers/STM32F1xx_HAL_Driver/Src/stm32f1xx_hal_tim.o
 .debug_abbrev  0x000029f8      0x282 ./Drivers/STM32F1xx_HAL_Driver/Src/stm32f1xx_hal_tim_ex.o

.debug_aranges  0x00000000     0x10b0
 .debug_aranges
                0x00000000       0x18 ./Core/Src/font.o
 .debug_aranges
                0x00000018       0x20 ./Core/Src/gpio.o
 .debug_aranges
                0x00000038       0x30 ./Core/Src/i2c.o
 .debug_aranges
                0x00000068      0x108 ./Core/Src/main.o
 .debug_aranges
                0x00000170       0x78 ./Core/Src/multi_button.o
 .debug_aranges
                0x000001e8       0xf0 ./Core/Src/oled.o
 .debug_aranges
                0x000002d8       0x30 ./Core/Src/rtc.o
 .debug_aranges
                0x00000308       0x18 ./Core/Src/song.o
 .debug_aranges
                0x00000320       0x20 ./Core/Src/stm32f1xx_hal_msp.o
 .debug_aranges
                0x00000340       0x68 ./Core/Src/stm32f1xx_it.o
 .debug_aranges
                0x000003a8       0x28 ./Core/Src/system_stm32f1xx.o
 .debug_aranges
                0x000003d0       0x40 ./Core/Src/tim.o
 .debug_aranges
                0x00000410       0x28 ./Core/Startup/startup_stm32f103cbtx.o
 .debug_aranges
                0x00000438       0xe0 ./Drivers/STM32F1xx_HAL_Driver/Src/stm32f1xx_hal.o
 .debug_aranges
                0x00000518      0x100 ./Drivers/STM32F1xx_HAL_Driver/Src/stm32f1xx_hal_cortex.o
 .debug_aranges
                0x00000618       0x58 ./Drivers/STM32F1xx_HAL_Driver/Src/stm32f1xx_hal_gpio.o
 .debug_aranges
                0x00000670      0x2a8 ./Drivers/STM32F1xx_HAL_Driver/Src/stm32f1xx_hal_i2c.o
 .debug_aranges
                0x00000918       0xa8 ./Drivers/STM32F1xx_HAL_Driver/Src/stm32f1xx_hal_pwr.o
 .debug_aranges
                0x000009c0       0x90 ./Drivers/STM32F1xx_HAL_Driver/Src/stm32f1xx_hal_rcc.o
 .debug_aranges
                0x00000a50       0x30 ./Drivers/STM32F1xx_HAL_Driver/Src/stm32f1xx_hal_rcc_ex.o
 .debug_aranges
                0x00000a80       0xf8 ./Drivers/STM32F1xx_HAL_Driver/Src/stm32f1xx_hal_rtc.o
 .debug_aranges
                0x00000b78      0x3d0 ./Drivers/STM32F1xx_HAL_Driver/Src/stm32f1xx_hal_tim.o
 .debug_aranges
                0x00000f48      0x168 ./Drivers/STM32F1xx_HAL_Driver/Src/stm32f1xx_hal_tim_ex.o

.debug_macro    0x00000000    0x19025
 .debug_macro   0x00000000      0x140 ./Core/Src/font.o
 .debug_macro   0x00000140      0xacc ./Core/Src/font.o
 .debug_macro   0x00000c0c       0x22 ./Core/Src/font.o
 .debug_macro   0x00000c2e       0x8e ./Core/Src/font.o
 .debug_macro   0x00000cbc       0x51 ./Core/Src/font.o
 .debug_macro   0x00000d0d      0x103 ./Core/Src/font.o
 .debug_macro   0x00000e10       0x6a ./Core/Src/font.o
 .debug_macro   0x00000e7a      0x1df ./Core/Src/font.o
 .debug_macro   0x00001059       0x61 ./Core/Src/font.o
 .debug_macro   0x000010ba       0x24 ./Core/Src/font.o
 .debug_macro   0x000010de       0x43 ./Core/Src/font.o
 .debug_macro   0x00001121       0x34 ./Core/Src/font.o
 .debug_macro   0x00001155      0x190 ./Core/Src/font.o
 .debug_macro   0x000012e5      0x370 ./Core/Src/font.o
 .debug_macro   0x00001655       0x16 ./Core/Src/font.o
 .debug_macro   0x0000166b       0x4a ./Core/Src/font.o
 .debug_macro   0x000016b5       0x34 ./Core/Src/font.o
 .debug_macro   0x000016e9       0x10 ./Core/Src/font.o
 .debug_macro   0x000016f9       0x58 ./Core/Src/font.o
 .debug_macro   0x00001751       0x8e ./Core/Src/font.o
 .debug_macro   0x000017df       0x1c ./Core/Src/font.o
 .debug_macro   0x000017fb      0x185 ./Core/Src/font.o
 .debug_macro   0x00001980       0x10 ./Core/Src/font.o
 .debug_macro   0x00001990       0x3c ./Core/Src/font.o
 .debug_macro   0x000019cc       0x20 ./Core/Src/font.o
 .debug_macro   0x000019ec      0x1d0 ./Core/Src/gpio.o
 .debug_macro   0x00001bbc      0x221 ./Core/Src/gpio.o
 .debug_macro   0x00001ddd       0x2e ./Core/Src/gpio.o
 .debug_macro   0x00001e0b       0x22 ./Core/Src/gpio.o
 .debug_macro   0x00001e2d       0x1c ./Core/Src/gpio.o
 .debug_macro   0x00001e49       0x22 ./Core/Src/gpio.o
 .debug_macro   0x00001e6b       0xbd ./Core/Src/gpio.o
 .debug_macro   0x00001f28      0xd23 ./Core/Src/gpio.o
 .debug_macro   0x00002c4b     0xe09e ./Core/Src/gpio.o
 .debug_macro   0x00010ce9       0x6d ./Core/Src/gpio.o
 .debug_macro   0x00010d56     0x34a2 ./Core/Src/gpio.o
 .debug_macro   0x000141f8       0x5c ./Core/Src/gpio.o
 .debug_macro   0x00014254      0x5bc ./Core/Src/gpio.o
 .debug_macro   0x00014810      0x289 ./Core/Src/gpio.o
 .debug_macro   0x00014a99      0x1cb ./Core/Src/gpio.o
 .debug_macro   0x00014c64      0x114 ./Core/Src/gpio.o
 .debug_macro   0x00014d78      0x1b2 ./Core/Src/gpio.o
 .debug_macro   0x00014f2a       0x27 ./Core/Src/gpio.o
 .debug_macro   0x00014f51      0x136 ./Core/Src/gpio.o
 .debug_macro   0x00015087      0x1bc ./Core/Src/gpio.o
 .debug_macro   0x00015243       0x34 ./Core/Src/gpio.o
 .debug_macro   0x00015277       0x3c ./Core/Src/gpio.o
 .debug_macro   0x000152b3       0x57 ./Core/Src/gpio.o
 .debug_macro   0x0001530a       0x87 ./Core/Src/gpio.o
 .debug_macro   0x00015391      0x240 ./Core/Src/gpio.o
 .debug_macro   0x000155d1      0x287 ./Core/Src/gpio.o
 .debug_macro   0x00015858      0x140 ./Core/Src/gpio.o
 .debug_macro   0x00015998      0x1ef ./Core/Src/gpio.o
 .debug_macro   0x00015b87       0xeb ./Core/Src/gpio.o
 .debug_macro   0x00015c72      0x8ed ./Core/Src/gpio.o
 .debug_macro   0x0001655f       0x83 ./Core/Src/gpio.o
 .debug_macro   0x000165e2       0x4c ./Core/Src/gpio.o
 .debug_macro   0x0001662e      0x1d0 ./Core/Src/i2c.o
 .debug_macro   0x000167fe      0x31f ./Core/Src/main.o
 .debug_macro   0x00016b1d       0x28 ./Core/Src/main.o
 .debug_macro   0x00016b45       0x1c ./Core/Src/main.o
 .debug_macro   0x00016b61       0x10 ./Core/Src/main.o
 .debug_macro   0x00016b71       0x1c ./Core/Src/main.o
 .debug_macro   0x00016b8d       0x16 ./Core/Src/main.o
 .debug_macro   0x00016ba3      0x146 ./Core/Src/main.o
 .debug_macro   0x00016ce9      0x14b ./Core/Src/multi_button.o
 .debug_macro   0x00016e34       0x22 ./Core/Src/multi_button.o
 .debug_macro   0x00016e56      0x311 ./Core/Src/oled.o
 .debug_macro   0x00017167       0x56 ./Core/Src/oled.o
 .debug_macro   0x000171bd      0x19b ./Core/Src/oled.o
 .debug_macro   0x00017358       0x16 ./Core/Src/oled.o
 .debug_macro   0x0001736e       0x16 ./Core/Src/oled.o
 .debug_macro   0x00017384       0x29 ./Core/Src/oled.o
 .debug_macro   0x000173ad      0x1d0 ./Core/Src/rtc.o
 .debug_macro   0x0001757d       0x1b ./Core/Src/song.o
 .debug_macro   0x00017598      0x1d4 ./Core/Src/stm32f1xx_hal_msp.o
 .debug_macro   0x0001776c      0x2ad ./Core/Src/stm32f1xx_it.o
 .debug_macro   0x00017a19      0x1b7 ./Core/Src/system_stm32f1xx.o
 .debug_macro   0x00017bd0      0x1d0 ./Core/Src/tim.o
 .debug_macro   0x00017da0      0x1db ./Drivers/STM32F1xx_HAL_Driver/Src/stm32f1xx_hal.o
 .debug_macro   0x00017f7b      0x1b7 ./Drivers/STM32F1xx_HAL_Driver/Src/stm32f1xx_hal_cortex.o
 .debug_macro   0x00018132      0x222 ./Drivers/STM32F1xx_HAL_Driver/Src/stm32f1xx_hal_gpio.o
 .debug_macro   0x00018354      0x205 ./Drivers/STM32F1xx_HAL_Driver/Src/stm32f1xx_hal_i2c.o
 .debug_macro   0x00018559      0x217 ./Drivers/STM32F1xx_HAL_Driver/Src/stm32f1xx_hal_pwr.o
 .debug_macro   0x00018770      0x1c9 ./Drivers/STM32F1xx_HAL_Driver/Src/stm32f1xx_hal_rcc.o
 .debug_macro   0x00018939      0x1b7 ./Drivers/STM32F1xx_HAL_Driver/Src/stm32f1xx_hal_rcc_ex.o
 .debug_macro   0x00018af0      0x1c6 ./Drivers/STM32F1xx_HAL_Driver/Src/stm32f1xx_hal_rtc.o
 .debug_macro   0x00018cb6      0x1b8 ./Drivers/STM32F1xx_HAL_Driver/Src/stm32f1xx_hal_tim.o
 .debug_macro   0x00018e6e      0x1b7 ./Drivers/STM32F1xx_HAL_Driver/Src/stm32f1xx_hal_tim_ex.o

.debug_line     0x00000000    0x13e0b
 .debug_line    0x00000000      0x50e ./Core/Src/font.o
 .debug_line    0x0000050e      0x6d6 ./Core/Src/gpio.o
 .debug_line    0x00000be4      0x72b ./Core/Src/i2c.o
 .debug_line    0x0000130f     0x1257 ./Core/Src/main.o
 .debug_line    0x00002566      0x898 ./Core/Src/multi_button.o
 .debug_line    0x00002dfe     0x10be ./Core/Src/oled.o
 .debug_line    0x00003ebc      0x70c ./Core/Src/rtc.o
 .debug_line    0x000045c8       0x49 ./Core/Src/song.o
 .debug_line    0x00004611      0x6cb ./Core/Src/stm32f1xx_hal_msp.o
 .debug_line    0x00004cdc      0x911 ./Core/Src/stm32f1xx_it.o
 .debug_line    0x000055ed      0x740 ./Core/Src/system_stm32f1xx.o
 .debug_line    0x00005d2d      0x850 ./Core/Src/tim.o
 .debug_line    0x0000657d       0x78 ./Core/Startup/startup_stm32f103cbtx.o
 .debug_line    0x000065f5      0x971 ./Drivers/STM32F1xx_HAL_Driver/Src/stm32f1xx_hal.o
 .debug_line    0x00006f66      0xb3b ./Drivers/STM32F1xx_HAL_Driver/Src/stm32f1xx_hal_cortex.o
 .debug_line    0x00007aa1      0x9ce ./Drivers/STM32F1xx_HAL_Driver/Src/stm32f1xx_hal_gpio.o
 .debug_line    0x0000846f     0x3b6e ./Drivers/STM32F1xx_HAL_Driver/Src/stm32f1xx_hal_i2c.o
 .debug_line    0x0000bfdd      0x915 ./Drivers/STM32F1xx_HAL_Driver/Src/stm32f1xx_hal_pwr.o
 .debug_line    0x0000c8f2      0xe2a ./Drivers/STM32F1xx_HAL_Driver/Src/stm32f1xx_hal_rcc.o
 .debug_line    0x0000d71c      0x8db ./Drivers/STM32F1xx_HAL_Driver/Src/stm32f1xx_hal_rcc_ex.o
 .debug_line    0x0000dff7     0x1180 ./Drivers/STM32F1xx_HAL_Driver/Src/stm32f1xx_hal_rtc.o
 .debug_line    0x0000f177     0x345f ./Drivers/STM32F1xx_HAL_Driver/Src/stm32f1xx_hal_tim.o
 .debug_line    0x000125d6     0x1835 ./Drivers/STM32F1xx_HAL_Driver/Src/stm32f1xx_hal_tim_ex.o

.debug_str      0x00000000    0x8ddbc
 .debug_str     0x00000000    0x8ddbc ./Core/Src/font.o
                               0x73db (size before relaxing)
 .debug_str     0x0008ddbc    0x84f65 ./Core/Src/gpio.o
 .debug_str     0x0008ddbc    0x8545b ./Core/Src/i2c.o
 .debug_str     0x0008ddbc    0x897b8 ./Core/Src/main.o
 .debug_str     0x0008ddbc     0x7630 ./Core/Src/multi_button.o
 .debug_str     0x0008ddbc    0x89176 ./Core/Src/oled.o
 .debug_str     0x0008ddbc    0x8542a ./Core/Src/rtc.o
 .debug_str     0x0008ddbc     0x2f97 ./Core/Src/song.o
 .debug_str     0x0008ddbc    0x84f34 ./Core/Src/stm32f1xx_hal_msp.o
 .debug_str     0x0008ddbc    0x8842e ./Core/Src/stm32f1xx_it.o
 .debug_str     0x0008ddbc    0x84e5a ./Core/Src/system_stm32f1xx.o
 .debug_str     0x0008ddbc    0x85655 ./Core/Src/tim.o
 .debug_str     0x0008ddbc       0x82 ./Core/Startup/startup_stm32f103cbtx.o
 .debug_str     0x0008ddbc    0x8558d ./Drivers/STM32F1xx_HAL_Driver/Src/stm32f1xx_hal.o
 .debug_str     0x0008ddbc    0x854d9 ./Drivers/STM32F1xx_HAL_Driver/Src/stm32f1xx_hal_cortex.o
 .debug_str     0x0008ddbc    0x851e0 ./Drivers/STM32F1xx_HAL_Driver/Src/stm32f1xx_hal_gpio.o
 .debug_str     0x0008ddbc    0x85f21 ./Drivers/STM32F1xx_HAL_Driver/Src/stm32f1xx_hal_i2c.o
 .debug_str     0x0008ddbc    0x85391 ./Drivers/STM32F1xx_HAL_Driver/Src/stm32f1xx_hal_pwr.o
 .debug_str     0x0008ddbc    0x85289 ./Drivers/STM32F1xx_HAL_Driver/Src/stm32f1xx_hal_rcc.o
 .debug_str     0x0008ddbc    0x84fd9 ./Drivers/STM32F1xx_HAL_Driver/Src/stm32f1xx_hal_rcc_ex.o
 .debug_str     0x0008ddbc    0x85365 ./Drivers/STM32F1xx_HAL_Driver/Src/stm32f1xx_hal_rtc.o
 .debug_str     0x0008ddbc    0x8628b ./Drivers/STM32F1xx_HAL_Driver/Src/stm32f1xx_hal_tim.o
 .debug_str     0x0008ddbc    0x85a97 ./Drivers/STM32F1xx_HAL_Driver/Src/stm32f1xx_hal_tim_ex.o

.comment        0x00000000       0x43
 .comment       0x00000000       0x43 ./Core/Src/font.o
                                 0x44 (size before relaxing)
 .comment       0x00000043       0x44 ./Core/Src/gpio.o
 .comment       0x00000043       0x44 ./Core/Src/i2c.o
 .comment       0x00000043       0x44 ./Core/Src/main.o
 .comment       0x00000043       0x44 ./Core/Src/multi_button.o
 .comment       0x00000043       0x44 ./Core/Src/oled.o
 .comment       0x00000043       0x44 ./Core/Src/rtc.o
 .comment       0x00000043       0x44 ./Core/Src/song.o
 .comment       0x00000043       0x44 ./Core/Src/stm32f1xx_hal_msp.o
 .comment       0x00000043       0x44 ./Core/Src/stm32f1xx_it.o
 .comment       0x00000043       0x44 ./Core/Src/system_stm32f1xx.o
 .comment       0x00000043       0x44 ./Core/Src/tim.o
 .comment       0x00000043       0x44 ./Drivers/STM32F1xx_HAL_Driver/Src/stm32f1xx_hal.o
 .comment       0x00000043       0x44 ./Drivers/STM32F1xx_HAL_Driver/Src/stm32f1xx_hal_cortex.o
 .comment       0x00000043       0x44 ./Drivers/STM32F1xx_HAL_Driver/Src/stm32f1xx_hal_gpio.o
 .comment       0x00000043       0x44 ./Drivers/STM32F1xx_HAL_Driver/Src/stm32f1xx_hal_i2c.o
 .comment       0x00000043       0x44 ./Drivers/STM32F1xx_HAL_Driver/Src/stm32f1xx_hal_pwr.o
 .comment       0x00000043       0x44 ./Drivers/STM32F1xx_HAL_Driver/Src/stm32f1xx_hal_rcc.o
 .comment       0x00000043       0x44 ./Drivers/STM32F1xx_HAL_Driver/Src/stm32f1xx_hal_rcc_ex.o
 .comment       0x00000043       0x44 ./Drivers/STM32F1xx_HAL_Driver/Src/stm32f1xx_hal_rtc.o
 .comment       0x00000043       0x44 ./Drivers/STM32F1xx_HAL_Driver/Src/stm32f1xx_hal_tim.o
 .comment       0x00000043       0x44 ./Drivers/STM32F1xx_HAL_Driver/Src/stm32f1xx_hal_tim_ex.o

.debug_rnglists
                0x00000000      0xcdc
 .debug_rnglists
                0x00000000       0x14 ./Core/Src/gpio.o
 .debug_rnglists
                0x00000014       0x20 ./Core/Src/i2c.o
 .debug_rnglists
                0x00000034       0xca ./Core/Src/main.o
 .debug_rnglists
                0x000000fe       0x57 ./Core/Src/multi_button.o
 .debug_rnglists
                0x00000155       0xcb ./Core/Src/oled.o
 .debug_rnglists
                0x00000220       0x1f ./Core/Src/rtc.o
 .debug_rnglists
                0x0000023f       0x13 ./Core/Src/stm32f1xx_hal_msp.o
 .debug_rnglists
                0x00000252       0x49 ./Core/Src/stm32f1xx_it.o
 .debug_rnglists
                0x0000029b       0x1a ./Core/Src/system_stm32f1xx.o
 .debug_rnglists
                0x000002b5       0x2e ./Core/Src/tim.o
 .debug_rnglists
                0x000002e3       0x19 ./Core/Startup/startup_stm32f103cbtx.o
 .debug_rnglists
                0x000002fc       0xa3 ./Drivers/STM32F1xx_HAL_Driver/Src/stm32f1xx_hal.o
 .debug_rnglists
                0x0000039f       0xbb ./Drivers/STM32F1xx_HAL_Driver/Src/stm32f1xx_hal_cortex.o
 .debug_rnglists
                0x0000045a       0x3f ./Drivers/STM32F1xx_HAL_Driver/Src/stm32f1xx_hal_gpio.o
 .debug_rnglists
                0x00000499      0x23c ./Drivers/STM32F1xx_HAL_Driver/Src/stm32f1xx_hal_i2c.o
 .debug_rnglists
                0x000006d5       0x7a ./Drivers/STM32F1xx_HAL_Driver/Src/stm32f1xx_hal_pwr.o
 .debug_rnglists
                0x0000074f       0x6c ./Drivers/STM32F1xx_HAL_Driver/Src/stm32f1xx_hal_rcc.o
 .debug_rnglists
                0x000007bb       0x21 ./Drivers/STM32F1xx_HAL_Driver/Src/stm32f1xx_hal_rcc_ex.o
 .debug_rnglists
                0x000007dc       0xc1 ./Drivers/STM32F1xx_HAL_Driver/Src/stm32f1xx_hal_rtc.o
 .debug_rnglists
                0x0000089d      0x31a ./Drivers/STM32F1xx_HAL_Driver/Src/stm32f1xx_hal_tim.o
 .debug_rnglists
                0x00000bb7      0x125 ./Drivers/STM32F1xx_HAL_Driver/Src/stm32f1xx_hal_tim_ex.o

.debug_frame    0x00000000     0x464c
 .debug_frame   0x00000000       0x34 ./Core/Src/gpio.o
 .debug_frame   0x00000034       0x74 ./Core/Src/i2c.o
 .debug_frame   0x000000a8      0x3fc ./Core/Src/main.o
 .debug_frame   0x000004a4      0x1e4 ./Core/Src/multi_button.o
 .debug_frame   0x00000688      0x418 ./Core/Src/oled.o
 .debug_frame   0x00000aa0       0x74 ./Core/Src/rtc.o
 .debug_frame   0x00000b14       0x38 ./Core/Src/stm32f1xx_hal_msp.o
 .debug_frame   0x00000b4c      0x120 ./Core/Src/stm32f1xx_it.o
 .debug_frame   0x00000c6c       0x58 ./Core/Src/system_stm32f1xx.o
 .debug_frame   0x00000cc4       0xcc ./Core/Src/tim.o
 .debug_frame   0x00000d90      0x334 ./Drivers/STM32F1xx_HAL_Driver/Src/stm32f1xx_hal.o
 .debug_frame   0x000010c4      0x428 ./Drivers/STM32F1xx_HAL_Driver/Src/stm32f1xx_hal_cortex.o
 .debug_frame   0x000014ec      0x14c ./Drivers/STM32F1xx_HAL_Driver/Src/stm32f1xx_hal_gpio.o
 .debug_frame   0x00001638      0xc84 ./Drivers/STM32F1xx_HAL_Driver/Src/stm32f1xx_hal_i2c.o
 .debug_frame   0x000022bc      0x270 ./Drivers/STM32F1xx_HAL_Driver/Src/stm32f1xx_hal_pwr.o
 .debug_frame   0x0000252c      0x218 ./Drivers/STM32F1xx_HAL_Driver/Src/stm32f1xx_hal_rcc.o
 .debug_frame   0x00002744       0x80 ./Drivers/STM32F1xx_HAL_Driver/Src/stm32f1xx_hal_rcc_ex.o
 .debug_frame   0x000027c4      0x434 ./Drivers/STM32F1xx_HAL_Driver/Src/stm32f1xx_hal_rtc.o
 .debug_frame   0x00002bf8     0x11b8 ./Drivers/STM32F1xx_HAL_Driver/Src/stm32f1xx_hal_tim.o
 .debug_frame   0x00003db0      0x638 ./Drivers/STM32F1xx_HAL_Driver/Src/stm32f1xx_hal_tim_ex.o
 .debug_frame   0x000043e8       0x28 /Applications/STM32CubeIDE.app/Contents/Eclipse/plugins/com.st.stm32cube.ide.mcu.externaltools.gnu-tools-for-stm32.13.3.rel1.macos64_1.0.0.202411102158/tools/bin/../lib/gcc/arm-none-eabi/13.3.1/../../../../arm-none-eabi/lib/thumb/v7-m/nofp/libc_nano.a(libc_a-memcmp.o)
 .debug_frame   0x00004410       0x20 /Applications/STM32CubeIDE.app/Contents/Eclipse/plugins/com.st.stm32cube.ide.mcu.externaltools.gnu-tools-for-stm32.13.3.rel1.macos64_1.0.0.202411102158/tools/bin/../lib/gcc/arm-none-eabi/13.3.1/../../../../arm-none-eabi/lib/thumb/v7-m/nofp/libc_nano.a(libc_a-memset.o)
 .debug_frame   0x00004430       0x2c /Applications/STM32CubeIDE.app/Contents/Eclipse/plugins/com.st.stm32cube.ide.mcu.externaltools.gnu-tools-for-stm32.13.3.rel1.macos64_1.0.0.202411102158/tools/bin/../lib/gcc/arm-none-eabi/13.3.1/../../../../arm-none-eabi/lib/thumb/v7-m/nofp/libc_nano.a(libc_a-init.o)
 .debug_frame   0x0000445c       0x28 /Applications/STM32CubeIDE.app/Contents/Eclipse/plugins/com.st.stm32cube.ide.mcu.externaltools.gnu-tools-for-stm32.13.3.rel1.macos64_1.0.0.202411102158/tools/bin/../lib/gcc/arm-none-eabi/13.3.1/../../../../arm-none-eabi/lib/thumb/v7-m/nofp/libc_nano.a(libc_a-memcpy-stub.o)
 .debug_frame   0x00004484       0xac /Applications/STM32CubeIDE.app/Contents/Eclipse/plugins/com.st.stm32cube.ide.mcu.externaltools.gnu-tools-for-stm32.13.3.rel1.macos64_1.0.0.202411102158/tools/bin/../lib/gcc/arm-none-eabi/13.3.1/thumb/v7-m/nofp/libgcc.a(_arm_addsubdf3.o)
 .debug_frame   0x00004530       0x50 /Applications/STM32CubeIDE.app/Contents/Eclipse/plugins/com.st.stm32cube.ide.mcu.externaltools.gnu-tools-for-stm32.13.3.rel1.macos64_1.0.0.202411102158/tools/bin/../lib/gcc/arm-none-eabi/13.3.1/thumb/v7-m/nofp/libgcc.a(_arm_muldivdf3.o)
 .debug_frame   0x00004580       0x24 /Applications/STM32CubeIDE.app/Contents/Eclipse/plugins/com.st.stm32cube.ide.mcu.externaltools.gnu-tools-for-stm32.13.3.rel1.macos64_1.0.0.202411102158/tools/bin/../lib/gcc/arm-none-eabi/13.3.1/thumb/v7-m/nofp/libgcc.a(_arm_fixdfsi.o)
 .debug_frame   0x000045a4       0x4c /Applications/STM32CubeIDE.app/Contents/Eclipse/plugins/com.st.stm32cube.ide.mcu.externaltools.gnu-tools-for-stm32.13.3.rel1.macos64_1.0.0.202411102158/tools/bin/../lib/gcc/arm-none-eabi/13.3.1/thumb/v7-m/nofp/libgcc.a(_arm_addsubsf3.o)
 .debug_frame   0x000045f0       0x38 /Applications/STM32CubeIDE.app/Contents/Eclipse/plugins/com.st.stm32cube.ide.mcu.externaltools.gnu-tools-for-stm32.13.3.rel1.macos64_1.0.0.202411102158/tools/bin/../lib/gcc/arm-none-eabi/13.3.1/thumb/v7-m/nofp/libgcc.a(_arm_muldivsf3.o)
 .debug_frame   0x00004628       0x24 /Applications/STM32CubeIDE.app/Contents/Eclipse/plugins/com.st.stm32cube.ide.mcu.externaltools.gnu-tools-for-stm32.13.3.rel1.macos64_1.0.0.202411102158/tools/bin/../lib/gcc/arm-none-eabi/13.3.1/thumb/v7-m/nofp/libgcc.a(_arm_fixunssfsi.o)

.debug_line_str
                0x00000000       0x66
 .debug_line_str
                0x00000000       0x66 ./Core/Startup/startup_stm32f103cbtx.o
